<?xml version="1.0" encoding="ISO-8859-1" ?>
<link_info>
   <banner>TI ARM Linker PC v20.2.7.LTS</banner>
   <copyright>Copyright (c) 1996-2018 Texas Instruments Incorporated</copyright>
   <link_time>0x6656d5b1</link_time>
   <link_errors>0x0</link_errors>
   <output_file>UART_Communication.out</output_file>
   <entry_point>
      <name>_c_int00_noargs</name>
      <address>0x4ff9</address>
   </entry_point>
   <input_file_list>
      <input_file id="fl-2">
         <path>.\</path>
         <kind>object</kind>
         <file>fpu.obj</file>
         <name>fpu.obj</name>
      </input_file>
      <input_file id="fl-3">
         <path>.\</path>
         <kind>object</kind>
         <file>gpio.obj</file>
         <name>gpio.obj</name>
      </input_file>
      <input_file id="fl-4">
         <path>.\</path>
         <kind>object</kind>
         <file>main.obj</file>
         <name>main.obj</name>
      </input_file>
      <input_file id="fl-5">
         <path>.\</path>
         <kind>object</kind>
         <file>sysctl.obj</file>
         <name>sysctl.obj</name>
      </input_file>
      <input_file id="fl-6">
         <path>.\</path>
         <kind>object</kind>
         <file>systick.obj</file>
         <name>systick.obj</name>
      </input_file>
      <input_file id="fl-7">
         <path>.\</path>
         <kind>object</kind>
         <file>tm4c123gh6pm_startup_ccs.obj</file>
         <name>tm4c123gh6pm_startup_ccs.obj</name>
      </input_file>
      <input_file id="fl-8">
         <path>.\</path>
         <kind>object</kind>
         <file>uart.obj</file>
         <name>uart.obj</name>
      </input_file>
      <input_file id="fl-d">
         <kind>object</kind>
         <file>&lt;internal&gt;</file>
         <name>&lt;internal&gt;</name>
      </input_file>
      <input_file id="fl-e">
         <path>..\</path>
         <kind>archive</kind>
         <file>driverlib.lib</file>
         <name>cpu.obj</name>
      </input_file>
      <input_file id="fl-f">
         <path>..\</path>
         <kind>archive</kind>
         <file>driverlib.lib</file>
         <name>interrupt.obj</name>
      </input_file>
      <input_file id="fl-c5">
         <path>C:\ti\ccs1271\ccs\tools\compiler\ti-cgt-arm_20.2.7.LTS\lib\</path>
         <kind>archive</kind>
         <file>rtsv7M4_T_le_v4SPD16_eabi.lib</file>
         <name>e_fmod.c.obj</name>
      </input_file>
      <input_file id="fl-c6">
         <path>C:\ti\ccs1271\ccs\tools\compiler\ti-cgt-arm_20.2.7.LTS\lib\</path>
         <kind>archive</kind>
         <file>rtsv7M4_T_le_v4SPD16_eabi.lib</file>
         <name>s_trunc.c.obj</name>
      </input_file>
      <input_file id="fl-c7">
         <path>C:\ti\ccs1271\ccs\tools\compiler\ti-cgt-arm_20.2.7.LTS\lib\</path>
         <kind>archive</kind>
         <file>rtsv7M4_T_le_v4SPD16_eabi.lib</file>
         <name>snprintf.c.obj</name>
      </input_file>
      <input_file id="fl-c8">
         <path>C:\ti\ccs1271\ccs\tools\compiler\ti-cgt-arm_20.2.7.LTS\lib\</path>
         <kind>archive</kind>
         <file>rtsv7M4_T_le_v4SPD16_eabi.lib</file>
         <name>sprintf.c.obj</name>
      </input_file>
      <input_file id="fl-c9">
         <path>C:\ti\ccs1271\ccs\tools\compiler\ti-cgt-arm_20.2.7.LTS\lib\</path>
         <kind>archive</kind>
         <file>rtsv7M4_T_le_v4SPD16_eabi.lib</file>
         <name>fd_add_t2.asm.obj</name>
      </input_file>
      <input_file id="fl-ca">
         <path>C:\ti\ccs1271\ccs\tools\compiler\ti-cgt-arm_20.2.7.LTS\lib\</path>
         <kind>archive</kind>
         <file>rtsv7M4_T_le_v4SPD16_eabi.lib</file>
         <name>fd_cmp_t2.asm.obj</name>
      </input_file>
      <input_file id="fl-cb">
         <path>C:\ti\ccs1271\ccs\tools\compiler\ti-cgt-arm_20.2.7.LTS\lib\</path>
         <kind>archive</kind>
         <file>rtsv7M4_T_le_v4SPD16_eabi.lib</file>
         <name>fd_div_t2.asm.obj</name>
      </input_file>
      <input_file id="fl-cc">
         <path>C:\ti\ccs1271\ccs\tools\compiler\ti-cgt-arm_20.2.7.LTS\lib\</path>
         <kind>archive</kind>
         <file>rtsv7M4_T_le_v4SPD16_eabi.lib</file>
         <name>fd_mul_t2.asm.obj</name>
      </input_file>
      <input_file id="fl-cd">
         <path>C:\ti\ccs1271\ccs\tools\compiler\ti-cgt-arm_20.2.7.LTS\lib\</path>
         <kind>archive</kind>
         <file>rtsv7M4_T_le_v4SPD16_eabi.lib</file>
         <name>fd_toi_t2.asm.obj</name>
      </input_file>
      <input_file id="fl-ce">
         <path>C:\ti\ccs1271\ccs\tools\compiler\ti-cgt-arm_20.2.7.LTS\lib\</path>
         <kind>archive</kind>
         <file>rtsv7M4_T_le_v4SPD16_eabi.lib</file>
         <name>i_tofd_t2.asm.obj</name>
      </input_file>
      <input_file id="fl-cf">
         <path>C:\ti\ccs1271\ccs\tools\compiler\ti-cgt-arm_20.2.7.LTS\lib\</path>
         <kind>archive</kind>
         <file>rtsv7M4_T_le_v4SPD16_eabi.lib</file>
         <name>memcpy_t2.asm.obj</name>
      </input_file>
      <input_file id="fl-d0">
         <path>C:\ti\ccs1271\ccs\tools\compiler\ti-cgt-arm_20.2.7.LTS\lib\</path>
         <kind>archive</kind>
         <file>rtsv7M4_T_le_v4SPD16_eabi.lib</file>
         <name>memset_t2.asm.obj</name>
      </input_file>
      <input_file id="fl-d1">
         <path>C:\ti\ccs1271\ccs\tools\compiler\ti-cgt-arm_20.2.7.LTS\lib\</path>
         <kind>archive</kind>
         <file>rtsv7M4_T_le_v4SPD16_eabi.lib</file>
         <name>copy_zero_init.c.obj</name>
      </input_file>
      <input_file id="fl-d2">
         <path>C:\ti\ccs1271\ccs\tools\compiler\ti-cgt-arm_20.2.7.LTS\lib\</path>
         <kind>archive</kind>
         <file>rtsv7M4_T_le_v4SPD16_eabi.lib</file>
         <name>copy_decompress_none.c.obj</name>
      </input_file>
      <input_file id="fl-d3">
         <path>C:\ti\ccs1271\ccs\tools\compiler\ti-cgt-arm_20.2.7.LTS\lib\</path>
         <kind>archive</kind>
         <file>rtsv7M4_T_le_v4SPD16_eabi.lib</file>
         <name>copy_decompress_lzss.c.obj</name>
      </input_file>
      <input_file id="fl-d4">
         <path>C:\ti\ccs1271\ccs\tools\compiler\ti-cgt-arm_20.2.7.LTS\lib\</path>
         <kind>archive</kind>
         <file>rtsv7M4_T_le_v4SPD16_eabi.lib</file>
         <name>atof.c.obj</name>
      </input_file>
      <input_file id="fl-d5">
         <path>C:\ti\ccs1271\ccs\tools\compiler\ti-cgt-arm_20.2.7.LTS\lib\</path>
         <kind>archive</kind>
         <file>rtsv7M4_T_le_v4SPD16_eabi.lib</file>
         <name>strncmp.c.obj</name>
      </input_file>
      <input_file id="fl-d6">
         <path>C:\ti\ccs1271\ccs\tools\compiler\ti-cgt-arm_20.2.7.LTS\lib\</path>
         <kind>archive</kind>
         <file>rtsv7M4_T_le_v4SPD16_eabi.lib</file>
         <name>strncpy.c.obj</name>
      </input_file>
      <input_file id="fl-d7">
         <path>C:\ti\ccs1271\ccs\tools\compiler\ti-cgt-arm_20.2.7.LTS\lib\</path>
         <kind>archive</kind>
         <file>rtsv7M4_T_le_v4SPD16_eabi.lib</file>
         <name>strtod.c.obj</name>
      </input_file>
      <input_file id="fl-d8">
         <path>C:\ti\ccs1271\ccs\tools\compiler\ti-cgt-arm_20.2.7.LTS\lib\</path>
         <kind>archive</kind>
         <file>rtsv7M4_T_le_v4SPD16_eabi.lib</file>
         <name>strtok.c.obj</name>
      </input_file>
      <input_file id="fl-d9">
         <path>C:\ti\ccs1271\ccs\tools\compiler\ti-cgt-arm_20.2.7.LTS\lib\</path>
         <kind>archive</kind>
         <file>rtsv7M4_T_le_v4SPD16_eabi.lib</file>
         <name>boot_cortex_m.c.obj</name>
      </input_file>
      <input_file id="fl-da">
         <path>C:\ti\ccs1271\ccs\tools\compiler\ti-cgt-arm_20.2.7.LTS\lib\</path>
         <kind>archive</kind>
         <file>rtsv7M4_T_le_v4SPD16_eabi.lib</file>
         <name>errno.c.obj</name>
      </input_file>
      <input_file id="fl-db">
         <path>C:\ti\ccs1271\ccs\tools\compiler\ti-cgt-arm_20.2.7.LTS\lib\</path>
         <kind>archive</kind>
         <file>rtsv7M4_T_le_v4SPD16_eabi.lib</file>
         <name>s_scalbn.c.obj</name>
      </input_file>
      <input_file id="fl-dc">
         <path>C:\ti\ccs1271\ccs\tools\compiler\ti-cgt-arm_20.2.7.LTS\lib\</path>
         <kind>archive</kind>
         <file>rtsv7M4_T_le_v4SPD16_eabi.lib</file>
         <name>_printfi.c.obj</name>
      </input_file>
      <input_file id="fl-dd">
         <path>C:\ti\ccs1271\ccs\tools\compiler\ti-cgt-arm_20.2.7.LTS\lib\</path>
         <kind>archive</kind>
         <file>rtsv7M4_T_le_v4SPD16_eabi.lib</file>
         <name>ull_div_t2.asm.obj</name>
      </input_file>
      <input_file id="fl-de">
         <path>C:\ti\ccs1271\ccs\tools\compiler\ti-cgt-arm_20.2.7.LTS\lib\</path>
         <kind>archive</kind>
         <file>rtsv7M4_T_le_v4SPD16_eabi.lib</file>
         <name>autoinit.c.obj</name>
      </input_file>
      <input_file id="fl-df">
         <path>C:\ti\ccs1271\ccs\tools\compiler\ti-cgt-arm_20.2.7.LTS\lib\</path>
         <kind>archive</kind>
         <file>rtsv7M4_T_le_v4SPD16_eabi.lib</file>
         <name>pre_init.c.obj</name>
      </input_file>
      <input_file id="fl-e0">
         <path>C:\ti\ccs1271\ccs\tools\compiler\ti-cgt-arm_20.2.7.LTS\lib\</path>
         <kind>archive</kind>
         <file>rtsv7M4_T_le_v4SPD16_eabi.lib</file>
         <name>cpy_tbl.c.obj</name>
      </input_file>
      <input_file id="fl-e1">
         <path>C:\ti\ccs1271\ccs\tools\compiler\ti-cgt-arm_20.2.7.LTS\lib\</path>
         <kind>archive</kind>
         <file>rtsv7M4_T_le_v4SPD16_eabi.lib</file>
         <name>exit.c.obj</name>
      </input_file>
      <input_file id="fl-e2">
         <path>C:\ti\ccs1271\ccs\tools\compiler\ti-cgt-arm_20.2.7.LTS\lib\</path>
         <kind>archive</kind>
         <file>rtsv7M4_T_le_v4SPD16_eabi.lib</file>
         <name>_lock.c.obj</name>
      </input_file>
      <input_file id="fl-e3">
         <path>C:\ti\ccs1271\ccs\tools\compiler\ti-cgt-arm_20.2.7.LTS\lib\</path>
         <kind>archive</kind>
         <file>rtsv7M4_T_le_v4SPD16_eabi.lib</file>
         <name>_ltoa.c.obj</name>
      </input_file>
      <input_file id="fl-e4">
         <path>C:\ti\ccs1271\ccs\tools\compiler\ti-cgt-arm_20.2.7.LTS\lib\</path>
         <kind>archive</kind>
         <file>rtsv7M4_T_le_v4SPD16_eabi.lib</file>
         <name>args_main.c.obj</name>
      </input_file>
      <input_file id="fl-e5">
         <path>C:\ti\ccs1271\ccs\tools\compiler\ti-cgt-arm_20.2.7.LTS\lib\</path>
         <kind>archive</kind>
         <file>rtsv7M4_T_le_v4SPD16_eabi.lib</file>
         <name>atoi.c.obj</name>
      </input_file>
      <input_file id="fl-e6">
         <path>C:\ti\ccs1271\ccs\tools\compiler\ti-cgt-arm_20.2.7.LTS\lib\</path>
         <kind>archive</kind>
         <file>rtsv7M4_T_le_v4SPD16_eabi.lib</file>
         <name>ctype.c.obj</name>
      </input_file>
      <input_file id="fl-e7">
         <path>C:\ti\ccs1271\ccs\tools\compiler\ti-cgt-arm_20.2.7.LTS\lib\</path>
         <kind>archive</kind>
         <file>rtsv7M4_T_le_v4SPD16_eabi.lib</file>
         <name>memccpy.c.obj</name>
      </input_file>
      <input_file id="fl-e8">
         <path>C:\ti\ccs1271\ccs\tools\compiler\ti-cgt-arm_20.2.7.LTS\lib\</path>
         <kind>archive</kind>
         <file>rtsv7M4_T_le_v4SPD16_eabi.lib</file>
         <name>strchr.c.obj</name>
      </input_file>
      <input_file id="fl-e9">
         <path>C:\ti\ccs1271\ccs\tools\compiler\ti-cgt-arm_20.2.7.LTS\lib\</path>
         <kind>archive</kind>
         <file>rtsv7M4_T_le_v4SPD16_eabi.lib</file>
         <name>strcspn.c.obj</name>
      </input_file>
      <input_file id="fl-ea">
         <path>C:\ti\ccs1271\ccs\tools\compiler\ti-cgt-arm_20.2.7.LTS\lib\</path>
         <kind>archive</kind>
         <file>rtsv7M4_T_le_v4SPD16_eabi.lib</file>
         <name>strlen.c.obj</name>
      </input_file>
      <input_file id="fl-eb">
         <path>C:\ti\ccs1271\ccs\tools\compiler\ti-cgt-arm_20.2.7.LTS\lib\</path>
         <kind>archive</kind>
         <file>rtsv7M4_T_le_v4SPD16_eabi.lib</file>
         <name>strspn.c.obj</name>
      </input_file>
      <input_file id="fl-ec">
         <path>C:\ti\ccs1271\ccs\tools\compiler\ti-cgt-arm_20.2.7.LTS\lib\</path>
         <kind>archive</kind>
         <file>rtsv7M4_T_le_v4SPD16_eabi.lib</file>
         <name>wcslen.c.obj</name>
      </input_file>
      <input_file id="fl-ed">
         <path>C:\ti\ccs1271\ccs\tools\compiler\ti-cgt-arm_20.2.7.LTS\lib\</path>
         <kind>archive</kind>
         <file>rtsv7M4_T_le_v4SPD16_eabi.lib</file>
         <name>s_copysign.c.obj</name>
      </input_file>
      <input_file id="fl-ee">
         <path>C:\ti\ccs1271\ccs\tools\compiler\ti-cgt-arm_20.2.7.LTS\lib\</path>
         <kind>archive</kind>
         <file>rtsv7M4_T_le_v4SPD16_eabi.lib</file>
         <name>s_frexp.c.obj</name>
      </input_file>
      <input_file id="fl-ef">
         <path>C:\ti\ccs1271\ccs\tools\compiler\ti-cgt-arm_20.2.7.LTS\lib\</path>
         <kind>archive</kind>
         <file>rtsv7M4_T_le_v4SPD16_eabi.lib</file>
         <name>div0.asm.obj</name>
      </input_file>
   </input_file_list>
   <object_component_list>
      <object_component id="oc-12">
         <name>.intvecs</name>
         <load_address>0x0</load_address>
         <run_address>0x0</run_address>
         <size>0x26c</size>
         <input_file_ref idref="fl-7"/>
      </object_component>
      <object_component id="oc-c3">
         <name>.text</name>
         <load_address>0x26c</load_address>
         <run_address>0x26c</run_address>
         <size>0xf80</size>
         <input_file_ref idref="fl-5"/>
      </object_component>
      <object_component id="oc-c9">
         <name>.text</name>
         <load_address>0x11ec</load_address>
         <run_address>0x11ec</run_address>
         <size>0xc14</size>
         <input_file_ref idref="fl-3"/>
      </object_component>
      <object_component id="oc-1a8">
         <name>.text:__TI_printfi</name>
         <load_address>0x1e00</load_address>
         <run_address>0x1e00</run_address>
         <size>0xa4e</size>
         <input_file_ref idref="fl-dc"/>
      </object_component>
      <object_component id="oc-255">
         <name>.text:_IntDefaultHandler</name>
         <load_address>0x284e</load_address>
         <run_address>0x284e</run_address>
         <size>0x2</size>
         <input_file_ref idref="fl-f"/>
      </object_component>
      <object_component id="oc-d5">
         <name>.text</name>
         <load_address>0x2850</load_address>
         <run_address>0x2850</run_address>
         <size>0x62e</size>
         <input_file_ref idref="fl-8"/>
      </object_component>
      <object_component id="oc-3a2">
         <name>.text</name>
         <load_address>0x2e7e</load_address>
         <run_address>0x2e7e</run_address>
         <size>0x2</size>
         <input_file_ref idref="fl-ef"/>
      </object_component>
      <object_component id="oc-9b">
         <name>.text</name>
         <load_address>0x2e80</load_address>
         <run_address>0x2e80</run_address>
         <size>0x5d0</size>
         <input_file_ref idref="fl-4"/>
      </object_component>
      <object_component id="oc-207">
         <name>.text:strtod</name>
         <load_address>0x3450</load_address>
         <run_address>0x3450</run_address>
         <size>0x460</size>
         <input_file_ref idref="fl-d7"/>
      </object_component>
      <object_component id="oc-295">
         <name>.text:_pconv_a</name>
         <load_address>0x38b0</load_address>
         <run_address>0x38b0</run_address>
         <size>0x270</size>
         <input_file_ref idref="fl-dc"/>
      </object_component>
      <object_component id="oc-11e">
         <name>.text:fmod</name>
         <load_address>0x3b20</load_address>
         <run_address>0x3b20</run_address>
         <size>0x234</size>
         <input_file_ref idref="fl-c5"/>
      </object_component>
      <object_component id="oc-283">
         <name>.text:_pconv_g</name>
         <load_address>0x3d54</load_address>
         <run_address>0x3d54</run_address>
         <size>0x1d0</size>
         <input_file_ref idref="fl-dc"/>
      </object_component>
      <object_component id="oc-eb">
         <name>.text</name>
         <load_address>0x3f24</load_address>
         <run_address>0x3f24</run_address>
         <size>0x1b6</size>
         <input_file_ref idref="fl-c9"/>
      </object_component>
      <object_component id="oc-28f">
         <name>.text:_pconv_e</name>
         <load_address>0x40dc</load_address>
         <run_address>0x40dc</run_address>
         <size>0x13c</size>
         <input_file_ref idref="fl-dc"/>
      </object_component>
      <object_component id="oc-119">
         <name>.text</name>
         <load_address>0x4218</load_address>
         <run_address>0x4218</run_address>
         <size>0x136</size>
         <input_file_ref idref="fl-cb"/>
      </object_component>
      <object_component id="oc-341">
         <name>.text:fcvt</name>
         <load_address>0x4350</load_address>
         <run_address>0x4350</run_address>
         <size>0x124</size>
         <input_file_ref idref="fl-dc"/>
      </object_component>
      <object_component id="oc-2db">
         <name>.text:scalbn</name>
         <load_address>0x4474</load_address>
         <run_address>0x4474</run_address>
         <size>0x110</size>
         <input_file_ref idref="fl-db"/>
      </object_component>
      <object_component id="oc-f0">
         <name>.text</name>
         <load_address>0x4584</load_address>
         <run_address>0x4584</run_address>
         <size>0xfc</size>
         <input_file_ref idref="fl-cc"/>
      </object_component>
      <object_component id="oc-f5">
         <name>.text:trunc</name>
         <load_address>0x4680</load_address>
         <run_address>0x4680</run_address>
         <size>0xbc</size>
         <input_file_ref idref="fl-c6"/>
      </object_component>
      <object_component id="oc-27d">
         <name>.text:_ltostr</name>
         <load_address>0x473c</load_address>
         <run_address>0x473c</run_address>
         <size>0xb1</size>
         <input_file_ref idref="fl-dc"/>
      </object_component>
      <object_component id="oc-3b">
         <name>.text</name>
         <load_address>0x47ee</load_address>
         <run_address>0x47ee</run_address>
         <size>0x9c</size>
         <input_file_ref idref="fl-cf"/>
      </object_component>
      <object_component id="oc-328">
         <name>.text</name>
         <load_address>0x488a</load_address>
         <run_address>0x488a</run_address>
         <size>0x96</size>
         <input_file_ref idref="fl-dd"/>
      </object_component>
      <object_component id="oc-dc">
         <name>.text:__aeabi_cdcmple</name>
         <load_address>0x4920</load_address>
         <run_address>0x4920</run_address>
         <size>0x86</size>
         <input_file_ref idref="fl-ca"/>
      </object_component>
      <object_component id="oc-1d8">
         <name>.text:__aeabi_cdrcmple</name>
         <load_address>0x49a6</load_address>
         <run_address>0x49a6</run_address>
         <size>0x86</size>
         <input_file_ref idref="fl-ca"/>
      </object_component>
      <object_component id="oc-8f">
         <name>.text</name>
         <load_address>0x4a2c</load_address>
         <run_address>0x4a2c</run_address>
         <size>0x7a</size>
         <input_file_ref idref="fl-d0"/>
      </object_component>
      <object_component id="oc-33a">
         <name>.text:_mcpy</name>
         <load_address>0x4aa6</load_address>
         <run_address>0x4aa6</run_address>
         <size>0x6e</size>
         <input_file_ref idref="fl-dc"/>
      </object_component>
      <object_component id="oc-17b">
         <name>.text:IntDisable</name>
         <load_address>0x4b14</load_address>
         <run_address>0x4b14</run_address>
         <size>0x68</size>
         <input_file_ref idref="fl-f"/>
      </object_component>
      <object_component id="oc-175">
         <name>.text:IntEnable</name>
         <load_address>0x4b7c</load_address>
         <run_address>0x4b7c</run_address>
         <size>0x68</size>
         <input_file_ref idref="fl-f"/>
      </object_component>
      <object_component id="oc-15">
         <name>.text:decompress:lzss:__TI_decompress_lzss</name>
         <load_address>0x4be4</load_address>
         <run_address>0x4be4</run_address>
         <size>0x68</size>
         <input_file_ref idref="fl-d3"/>
      </object_component>
      <object_component id="oc-34f">
         <name>.text:frexp</name>
         <load_address>0x4c4c</load_address>
         <run_address>0x4c4c</run_address>
         <size>0x64</size>
         <input_file_ref idref="fl-ee"/>
      </object_component>
      <object_component id="oc-289">
         <name>.text:_pconv_f</name>
         <load_address>0x4cb0</load_address>
         <run_address>0x4cb0</run_address>
         <size>0x56</size>
         <input_file_ref idref="fl-dc"/>
      </object_component>
      <object_component id="oc-32e">
         <name>.text:__TI_ltoa</name>
         <load_address>0x4d06</load_address>
         <run_address>0x4d06</run_address>
         <size>0x54</size>
         <input_file_ref idref="fl-e3"/>
      </object_component>
      <object_component id="oc-334">
         <name>.text:_ecpy</name>
         <load_address>0x4d5a</load_address>
         <run_address>0x4d5a</run_address>
         <size>0x52</size>
         <input_file_ref idref="fl-dc"/>
      </object_component>
      <object_component id="oc-277">
         <name>.text:atoi</name>
         <load_address>0x4dac</load_address>
         <run_address>0x4dac</run_address>
         <size>0x4c</size>
         <input_file_ref idref="fl-e5"/>
      </object_component>
      <object_component id="oc-cf">
         <name>.text:snprintf</name>
         <load_address>0x4df8</load_address>
         <run_address>0x4df8</run_address>
         <size>0x4c</size>
         <input_file_ref idref="fl-c7"/>
      </object_component>
      <object_component id="oc-e1">
         <name>.text</name>
         <load_address>0x4e44</load_address>
         <run_address>0x4e44</run_address>
         <size>0x48</size>
         <input_file_ref idref="fl-cd"/>
      </object_component>
      <object_component id="oc-138">
         <name>.text:__TI_auto_init_nobinit_nopinit:__TI_auto_init_nobinit_nopinit</name>
         <load_address>0x4e8c</load_address>
         <run_address>0x4e8c</run_address>
         <size>0x44</size>
         <input_file_ref idref="fl-de"/>
      </object_component>
      <object_component id="oc-fb">
         <name>.text:sprintf</name>
         <load_address>0x4ed0</load_address>
         <run_address>0x4ed0</run_address>
         <size>0x40</size>
         <input_file_ref idref="fl-c8"/>
      </object_component>
      <object_component id="oc-107">
         <name>.text:strtok</name>
         <load_address>0x4f10</load_address>
         <run_address>0x4f10</run_address>
         <size>0x40</size>
         <input_file_ref idref="fl-d8"/>
      </object_component>
      <object_component id="oc-347">
         <name>.text:_fcpy</name>
         <load_address>0x4f50</load_address>
         <run_address>0x4f50</run_address>
         <size>0x3e</size>
         <input_file_ref idref="fl-dc"/>
      </object_component>
      <object_component id="oc-10d">
         <name>.text:strncpy</name>
         <load_address>0x4f8e</load_address>
         <run_address>0x4f8e</run_address>
         <size>0x36</size>
         <input_file_ref idref="fl-d6"/>
      </object_component>
      <object_component id="oc-16f">
         <name>.text:IntRegister</name>
         <load_address>0x4fc4</load_address>
         <run_address>0x4fc4</run_address>
         <size>0x34</size>
         <input_file_ref idref="fl-f"/>
      </object_component>
      <object_component id="oc-59">
         <name>.text:_c_int00_noargs:_c_int00_noargs</name>
         <load_address>0x4ff8</load_address>
         <run_address>0x4ff8</run_address>
         <size>0x34</size>
         <input_file_ref idref="fl-d9"/>
      </object_component>
      <object_component id="oc-1ae">
         <name>.text:_outs</name>
         <load_address>0x502c</load_address>
         <run_address>0x502c</run_address>
         <size>0x30</size>
         <input_file_ref idref="fl-c7"/>
      </object_component>
      <object_component id="oc-e6">
         <name>.text</name>
         <load_address>0x505c</load_address>
         <run_address>0x505c</run_address>
         <size>0x2e</size>
         <input_file_ref idref="fl-ce"/>
      </object_component>
      <object_component id="oc-101">
         <name>.text:strncmp</name>
         <load_address>0x508a</load_address>
         <run_address>0x508a</run_address>
         <size>0x2c</size>
         <input_file_ref idref="fl-d5"/>
      </object_component>
      <object_component id="oc-1f4">
         <name>.text:strspn</name>
         <load_address>0x50b6</load_address>
         <run_address>0x50b6</run_address>
         <size>0x2a</size>
         <input_file_ref idref="fl-eb"/>
      </object_component>
      <object_component id="oc-1fa">
         <name>.text:strcspn</name>
         <load_address>0x50e0</load_address>
         <run_address>0x50e0</run_address>
         <size>0x24</size>
         <input_file_ref idref="fl-e9"/>
      </object_component>
      <object_component id="oc-47">
         <name>.text:decompress:ZI:__TI_zero_init_nomemset:__TI_zero_init_nomemset</name>
         <load_address>0x5104</load_address>
         <run_address>0x5104</run_address>
         <size>0x1c</size>
         <input_file_ref idref="fl-d1"/>
      </object_component>
      <object_component id="oc-29b">
         <name>.text:memccpy</name>
         <load_address>0x5120</load_address>
         <run_address>0x5120</run_address>
         <size>0x1c</size>
         <input_file_ref idref="fl-e7"/>
      </object_component>
      <object_component id="oc-37a">
         <name>.text:copysign</name>
         <load_address>0x513c</load_address>
         <run_address>0x513c</run_address>
         <size>0x1a</size>
         <input_file_ref idref="fl-ed"/>
      </object_component>
      <object_component id="oc-1b4">
         <name>.text:_outc</name>
         <load_address>0x5156</load_address>
         <run_address>0x5156</run_address>
         <size>0x18</size>
         <input_file_ref idref="fl-c7"/>
      </object_component>
      <object_component id="oc-1e4">
         <name>.text:_outs</name>
         <load_address>0x516e</load_address>
         <run_address>0x516e</run_address>
         <size>0x18</size>
         <input_file_ref idref="fl-c8"/>
      </object_component>
      <object_component id="oc-355">
         <name>.text:strchr</name>
         <load_address>0x5186</load_address>
         <run_address>0x5186</run_address>
         <size>0x16</size>
         <input_file_ref idref="fl-e8"/>
      </object_component>
      <object_component id="oc-181">
         <name>.text:IntUnregister</name>
         <load_address>0x519c</load_address>
         <run_address>0x519c</run_address>
         <size>0x14</size>
         <input_file_ref idref="fl-f"/>
      </object_component>
      <object_component id="oc-271">
         <name>.text:strlen</name>
         <load_address>0x51b0</load_address>
         <run_address>0x51b0</run_address>
         <size>0x14</size>
         <input_file_ref idref="fl-ea"/>
      </object_component>
      <object_component id="oc-113">
         <name>.text:atof</name>
         <load_address>0x51c4</load_address>
         <run_address>0x51c4</run_address>
         <size>0x12</size>
         <input_file_ref idref="fl-d4"/>
      </object_component>
      <object_component id="oc-2a1">
         <name>.text:wcslen</name>
         <load_address>0x51d6</load_address>
         <run_address>0x51d6</run_address>
         <size>0x12</size>
         <input_file_ref idref="fl-ec"/>
      </object_component>
      <object_component id="oc-1b">
         <name>.text:decompress:none:__TI_decompress_none</name>
         <load_address>0x51e8</load_address>
         <run_address>0x51e8</run_address>
         <size>0xe</size>
         <input_file_ref idref="fl-d2"/>
      </object_component>
      <object_component id="oc-27">
         <name>.text</name>
         <load_address>0x51f6</load_address>
         <run_address>0x51f6</run_address>
         <size>0xc</size>
         <input_file_ref idref="fl-7"/>
      </object_component>
      <object_component id="oc-1ea">
         <name>.text:_outc</name>
         <load_address>0x5202</load_address>
         <run_address>0x5202</run_address>
         <size>0xa</size>
         <input_file_ref idref="fl-c8"/>
      </object_component>
      <object_component id="oc-2a7">
         <name>.text:__aeabi_errno_addr</name>
         <load_address>0x520c</load_address>
         <run_address>0x520c</run_address>
         <size>0x8</size>
         <input_file_ref idref="fl-da"/>
      </object_component>
      <object_component id="oc-db">
         <name>.text:SysCtlDelay</name>
         <load_address>0x5214</load_address>
         <run_address>0x5214</run_address>
         <size>0x6</size>
         <input_file_ref idref="fl-5"/>
      </object_component>
      <object_component id="oc-187">
         <name>.text:CPUwfi</name>
         <load_address>0x521a</load_address>
         <run_address>0x521a</run_address>
         <size>0x4</size>
         <input_file_ref idref="fl-e"/>
      </object_component>
      <object_component id="oc-95">
         <name>.text:_system_pre_init</name>
         <load_address>0x521e</load_address>
         <run_address>0x521e</run_address>
         <size>0x4</size>
         <input_file_ref idref="fl-df"/>
      </object_component>
      <object_component id="oc-12c">
         <name>.text:abort:abort</name>
         <load_address>0x5222</load_address>
         <run_address>0x5222</run_address>
         <size>0x4</size>
         <input_file_ref idref="fl-e1"/>
      </object_component>
      <object_component id="oc-193">
         <name>.const:g_pppui32XTALtoVCO</name>
         <load_address>0x5228</load_address>
         <run_address>0x5228</run_address>
         <size>0x1b0</size>
         <input_file_ref idref="fl-5"/>
      </object_component>
      <object_component id="oc-2e1">
         <name>.const:.string:_ctypes_</name>
         <load_address>0x53d8</load_address>
         <run_address>0x53d8</run_address>
         <size>0x101</size>
         <input_file_ref idref="fl-e6"/>
      </object_component>
      <object_component id="oc-1a0">
         <name>.const:g_ppui32GPIOIntMapSnowflake</name>
         <load_address>0x54dc</load_address>
         <run_address>0x54dc</run_address>
         <size>0xd8</size>
         <input_file_ref idref="fl-3"/>
      </object_component>
      <object_component id="oc-2e4">
         <name>.const:$O1$$</name>
         <load_address>0x55b8</load_address>
         <run_address>0x55b8</run_address>
         <size>0xc8</size>
         <input_file_ref idref="fl-d7"/>
      </object_component>
      <object_component id="oc-19d">
         <name>.const:g_ppui32GPIOIntMapBlizzard</name>
         <load_address>0x5680</load_address>
         <run_address>0x5680</run_address>
         <size>0xc0</size>
         <input_file_ref idref="fl-3"/>
      </object_component>
      <object_component id="oc-1a3">
         <name>.const:g_pui32GPIOBaseAddrs</name>
         <load_address>0x5740</load_address>
         <run_address>0x5740</run_address>
         <size>0x90</size>
         <input_file_ref idref="fl-3"/>
      </object_component>
      <object_component id="oc-18d">
         <name>.const:g_pui32Xtals</name>
         <load_address>0x57d0</load_address>
         <run_address>0x57d0</run_address>
         <size>0x6c</size>
         <input_file_ref idref="fl-5"/>
      </object_component>
      <object_component id="oc-1cb">
         <name>.const:g_ppui32UARTIntMap</name>
         <load_address>0x583c</load_address>
         <run_address>0x583c</run_address>
         <size>0x40</size>
         <input_file_ref idref="fl-8"/>
      </object_component>
      <object_component id="oc-1ce">
         <name>.const:g_ppui32UARTIntMapSnowflake</name>
         <load_address>0x587c</load_address>
         <run_address>0x587c</run_address>
         <size>0x40</size>
         <input_file_ref idref="fl-8"/>
      </object_component>
      <object_component id="oc-16c">
         <name>.const:g_sXTALtoMEMTIM</name>
         <load_address>0x58bc</load_address>
         <run_address>0x58bc</run_address>
         <size>0x30</size>
         <input_file_ref idref="fl-5"/>
      </object_component>
      <object_component id="oc-251">
         <name>.const:g_pui32Dii16Regs</name>
         <load_address>0x58ec</load_address>
         <run_address>0x58ec</run_address>
         <size>0x14</size>
         <input_file_ref idref="fl-f"/>
      </object_component>
      <object_component id="oc-24d">
         <name>.const:g_pui32EnRegs</name>
         <load_address>0x5900</load_address>
         <run_address>0x5900</run_address>
         <size>0x14</size>
         <input_file_ref idref="fl-f"/>
      </object_component>
      <object_component id="oc-210">
         <name>.const:Zero</name>
         <load_address>0x5918</load_address>
         <run_address>0x5918</run_address>
         <size>0x10</size>
         <input_file_ref idref="fl-c5"/>
      </object_component>
      <object_component id="oc-190">
         <name>.const:g_pui32VCOFrequencies</name>
         <load_address>0x5928</load_address>
         <run_address>0x5928</run_address>
         <size>0x8</size>
         <input_file_ref idref="fl-5"/>
      </object_component>
      <object_component id="oc-400">
         <name>__TI_handler_table</name>
         <load_address>0x5930</load_address>
         <run_address>0x5930</run_address>
         <size>0xc</size>
      </object_component>
      <object_component id="oc-402">
         <name>.cinit..vtable.load</name>
         <load_address>0x5940</load_address>
         <run_address>0x5940</run_address>
         <size>0x8</size>
      </object_component>
      <object_component id="oc-403">
         <name>.cinit..data.load</name>
         <load_address>0x5948</load_address>
         <run_address>0x5948</run_address>
         <size>0x7</size>
      </object_component>
      <object_component id="oc-401">
         <name>__TI_cinit_table</name>
         <load_address>0x5950</load_address>
         <run_address>0x5950</run_address>
         <size>0x10</size>
      </object_component>
      <object_component id="oc-243">
         <name>.vtable</name>
         <uninitialized>true</uninitialized>
         <run_address>0x20000000</run_address>
         <size>0x26c</size>
         <input_file_ref idref="fl-f"/>
      </object_component>
      <object_component id="oc-200">
         <name>.data</name>
         <load_address>0x20000474</load_address>
         <run_address>0x20000474</run_address>
         <size>0x4</size>
         <input_file_ref idref="fl-d8"/>
      </object_component>
      <object_component id="oc-365">
         <name>.data</name>
         <load_address>0x20000470</load_address>
         <run_address>0x20000470</run_address>
         <size>0x4</size>
         <input_file_ref idref="fl-da"/>
      </object_component>
      <object_component id="oc-24">
         <name>.stack</name>
         <uninitialized>true</uninitialized>
         <run_address>0x20000270</run_address>
         <size>0x4</size>
         <input_file_ref idref="fl-d9"/>
      </object_component>
      <object_component id="oc-405">
         <name>.stack</name>
         <uninitialized>true</uninitialized>
         <run_address>0x20000270</run_address>
         <size>0x0</size>
      </object_component>
      <object_component id="oc-b2">
         <name>.debug_info</name>
         <load_address>0x0</load_address>
         <run_address>0x0</run_address>
         <size>0x23e</size>
         <input_file_ref idref="fl-2"/>
      </object_component>
      <object_component id="oc-70">
         <name>.debug_info</name>
         <load_address>0x23e</load_address>
         <run_address>0x23e</run_address>
         <size>0x26b</size>
         <input_file_ref idref="fl-2"/>
      </object_component>
      <object_component id="oc-36">
         <name>.debug_info</name>
         <load_address>0x4a9</load_address>
         <run_address>0x4a9</run_address>
         <size>0x84</size>
         <input_file_ref idref="fl-2"/>
      </object_component>
      <object_component id="oc-ad">
         <name>.debug_info</name>
         <load_address>0x52d</load_address>
         <run_address>0x52d</run_address>
         <size>0x2a4</size>
         <input_file_ref idref="fl-2"/>
      </object_component>
      <object_component id="oc-197">
         <name>.debug_info</name>
         <load_address>0x7d1</load_address>
         <run_address>0x7d1</run_address>
         <size>0xef</size>
         <input_file_ref idref="fl-2"/>
      </object_component>
      <object_component id="oc-75">
         <name>.debug_info</name>
         <load_address>0x8c0</load_address>
         <run_address>0x8c0</run_address>
         <size>0xbb</size>
         <input_file_ref idref="fl-2"/>
      </object_component>
      <object_component id="oc-1a7">
         <name>.debug_info</name>
         <load_address>0x97b</load_address>
         <run_address>0x97b</run_address>
         <size>0x337</size>
         <input_file_ref idref="fl-3"/>
      </object_component>
      <object_component id="oc-19e">
         <name>.debug_info</name>
         <load_address>0xcb2</load_address>
         <run_address>0xcb2</run_address>
         <size>0xd7</size>
         <input_file_ref idref="fl-3"/>
      </object_component>
      <object_component id="oc-1a1">
         <name>.debug_info</name>
         <load_address>0xd89</load_address>
         <run_address>0xd89</run_address>
         <size>0xd9</size>
         <input_file_ref idref="fl-3"/>
      </object_component>
      <object_component id="oc-1a4">
         <name>.debug_info</name>
         <load_address>0xe62</load_address>
         <run_address>0xe62</run_address>
         <size>0xcb</size>
         <input_file_ref idref="fl-3"/>
      </object_component>
      <object_component id="oc-cb">
         <name>.debug_info</name>
         <load_address>0xf2d</load_address>
         <run_address>0xf2d</run_address>
         <size>0x2dd8</size>
         <input_file_ref idref="fl-3"/>
      </object_component>
      <object_component id="oc-125">
         <name>.debug_info</name>
         <load_address>0x3d05</load_address>
         <run_address>0x3d05</run_address>
         <size>0x8b</size>
         <input_file_ref idref="fl-3"/>
      </object_component>
      <object_component id="oc-12a">
         <name>.debug_info</name>
         <load_address>0x3d90</load_address>
         <run_address>0x3d90</run_address>
         <size>0x7a2</size>
         <input_file_ref idref="fl-4"/>
      </object_component>
      <object_component id="oc-9c">
         <name>.debug_info</name>
         <load_address>0x4532</load_address>
         <run_address>0x4532</run_address>
         <size>0xf42</size>
         <input_file_ref idref="fl-4"/>
      </object_component>
      <object_component id="oc-21c">
         <name>.debug_info</name>
         <load_address>0x5474</load_address>
         <run_address>0x5474</run_address>
         <size>0xcc</size>
         <input_file_ref idref="fl-4"/>
      </object_component>
      <object_component id="oc-1c6">
         <name>.debug_info</name>
         <load_address>0x5540</load_address>
         <run_address>0x5540</run_address>
         <size>0x2c</size>
         <input_file_ref idref="fl-4"/>
      </object_component>
      <object_component id="oc-217">
         <name>.debug_info</name>
         <load_address>0x556c</load_address>
         <run_address>0x556c</run_address>
         <size>0x35</size>
         <input_file_ref idref="fl-4"/>
      </object_component>
      <object_component id="oc-19c">
         <name>.debug_info</name>
         <load_address>0x55a1</load_address>
         <run_address>0x55a1</run_address>
         <size>0x399</size>
         <input_file_ref idref="fl-5"/>
      </object_component>
      <object_component id="oc-18e">
         <name>.debug_info</name>
         <load_address>0x593a</load_address>
         <run_address>0x593a</run_address>
         <size>0xbd</size>
         <input_file_ref idref="fl-5"/>
      </object_component>
      <object_component id="oc-194">
         <name>.debug_info</name>
         <load_address>0x59f7</load_address>
         <run_address>0x59f7</run_address>
         <size>0xc9</size>
         <input_file_ref idref="fl-5"/>
      </object_component>
      <object_component id="oc-16d">
         <name>.debug_info</name>
         <load_address>0x5ac0</load_address>
         <run_address>0x5ac0</run_address>
         <size>0xc3</size>
         <input_file_ref idref="fl-5"/>
      </object_component>
      <object_component id="oc-191">
         <name>.debug_info</name>
         <load_address>0x5b83</load_address>
         <run_address>0x5b83</run_address>
         <size>0xd0</size>
         <input_file_ref idref="fl-5"/>
      </object_component>
      <object_component id="oc-c5">
         <name>.debug_info</name>
         <load_address>0x5c53</load_address>
         <run_address>0x5c53</run_address>
         <size>0x2699</size>
         <input_file_ref idref="fl-5"/>
      </object_component>
      <object_component id="oc-265">
         <name>.debug_info</name>
         <load_address>0x82ec</load_address>
         <run_address>0x82ec</run_address>
         <size>0x51</size>
         <input_file_ref idref="fl-5"/>
      </object_component>
      <object_component id="oc-2f">
         <name>.debug_info</name>
         <load_address>0x833d</load_address>
         <run_address>0x833d</run_address>
         <size>0x291</size>
         <input_file_ref idref="fl-7"/>
      </object_component>
      <object_component id="oc-13">
         <name>.debug_info</name>
         <load_address>0x85ce</load_address>
         <run_address>0x85ce</run_address>
         <size>0xd0</size>
         <input_file_ref idref="fl-7"/>
      </object_component>
      <object_component id="oc-2b">
         <name>.debug_info</name>
         <load_address>0x869e</load_address>
         <run_address>0x869e</run_address>
         <size>0x24c</size>
         <input_file_ref idref="fl-7"/>
      </object_component>
      <object_component id="oc-1d2">
         <name>.debug_info</name>
         <load_address>0x88ea</load_address>
         <run_address>0x88ea</run_address>
         <size>0x319</size>
         <input_file_ref idref="fl-8"/>
      </object_component>
      <object_component id="oc-1cc">
         <name>.debug_info</name>
         <load_address>0x8c03</load_address>
         <run_address>0x8c03</run_address>
         <size>0xc7</size>
         <input_file_ref idref="fl-8"/>
      </object_component>
      <object_component id="oc-1cf">
         <name>.debug_info</name>
         <load_address>0x8cca</load_address>
         <run_address>0x8cca</run_address>
         <size>0xd9</size>
         <input_file_ref idref="fl-8"/>
      </object_component>
      <object_component id="oc-d7">
         <name>.debug_info</name>
         <load_address>0x8da3</load_address>
         <run_address>0x8da3</run_address>
         <size>0x2319</size>
         <input_file_ref idref="fl-8"/>
      </object_component>
      <object_component id="oc-39d">
         <name>.debug_info</name>
         <load_address>0xb0bc</load_address>
         <run_address>0xb0bc</run_address>
         <size>0x2d7</size>
         <input_file_ref idref="fl-e"/>
      </object_component>
      <object_component id="oc-18a">
         <name>.debug_info</name>
         <load_address>0xb393</load_address>
         <run_address>0xb393</run_address>
         <size>0x213</size>
         <input_file_ref idref="fl-e"/>
      </object_component>
      <object_component id="oc-31a">
         <name>.debug_info</name>
         <load_address>0xb5a6</load_address>
         <run_address>0xb5a6</run_address>
         <size>0x26b</size>
         <input_file_ref idref="fl-e"/>
      </object_component>
      <object_component id="oc-313">
         <name>.debug_info</name>
         <load_address>0xb811</load_address>
         <run_address>0xb811</run_address>
         <size>0x297</size>
         <input_file_ref idref="fl-e"/>
      </object_component>
      <object_component id="oc-247">
         <name>.debug_info</name>
         <load_address>0xbaa8</load_address>
         <run_address>0xbaa8</run_address>
         <size>0xbb</size>
         <input_file_ref idref="fl-e"/>
      </object_component>
      <object_component id="oc-24c">
         <name>.debug_info</name>
         <load_address>0xbb63</load_address>
         <run_address>0xbb63</run_address>
         <size>0x3b7</size>
         <input_file_ref idref="fl-f"/>
      </object_component>
      <object_component id="oc-24e">
         <name>.debug_info</name>
         <load_address>0xbf1a</load_address>
         <run_address>0xbf1a</run_address>
         <size>0x15b</size>
         <input_file_ref idref="fl-f"/>
      </object_component>
      <object_component id="oc-252">
         <name>.debug_info</name>
         <load_address>0xc075</load_address>
         <run_address>0xc075</run_address>
         <size>0x161</size>
         <input_file_ref idref="fl-f"/>
      </object_component>
      <object_component id="oc-244">
         <name>.debug_info</name>
         <load_address>0xc1d6</load_address>
         <run_address>0xc1d6</run_address>
         <size>0x160</size>
         <input_file_ref idref="fl-f"/>
      </object_component>
      <object_component id="oc-258">
         <name>.debug_info</name>
         <load_address>0xc336</load_address>
         <run_address>0xc336</run_address>
         <size>0x22e</size>
         <input_file_ref idref="fl-f"/>
      </object_component>
      <object_component id="oc-184">
         <name>.debug_info</name>
         <load_address>0xc564</load_address>
         <run_address>0xc564</run_address>
         <size>0x279</size>
         <input_file_ref idref="fl-f"/>
      </object_component>
      <object_component id="oc-172">
         <name>.debug_info</name>
         <load_address>0xc7dd</load_address>
         <run_address>0xc7dd</run_address>
         <size>0x2ca</size>
         <input_file_ref idref="fl-f"/>
      </object_component>
      <object_component id="oc-176">
         <name>.debug_info</name>
         <load_address>0xcaa7</load_address>
         <run_address>0xcaa7</run_address>
         <size>0x271</size>
         <input_file_ref idref="fl-f"/>
      </object_component>
      <object_component id="oc-17c">
         <name>.debug_info</name>
         <load_address>0xcd18</load_address>
         <run_address>0xcd18</run_address>
         <size>0x273</size>
         <input_file_ref idref="fl-f"/>
      </object_component>
      <object_component id="oc-214">
         <name>.debug_info</name>
         <load_address>0xcf8b</load_address>
         <run_address>0xcf8b</run_address>
         <size>0x297</size>
         <input_file_ref idref="fl-c5"/>
      </object_component>
      <object_component id="oc-211">
         <name>.debug_info</name>
         <load_address>0xd222</load_address>
         <run_address>0xd222</run_address>
         <size>0xfd</size>
         <input_file_ref idref="fl-c5"/>
      </object_component>
      <object_component id="oc-121">
         <name>.debug_info</name>
         <load_address>0xd31f</load_address>
         <run_address>0xd31f</run_address>
         <size>0x288</size>
         <input_file_ref idref="fl-c5"/>
      </object_component>
      <object_component id="oc-2c6">
         <name>.debug_info</name>
         <load_address>0xd5a7</load_address>
         <run_address>0xd5a7</run_address>
         <size>0x46</size>
         <input_file_ref idref="fl-c5"/>
      </object_component>
      <object_component id="oc-1df">
         <name>.debug_info</name>
         <load_address>0xd5ed</load_address>
         <run_address>0xd5ed</run_address>
         <size>0x39</size>
         <input_file_ref idref="fl-c5"/>
      </object_component>
      <object_component id="oc-1de">
         <name>.debug_info</name>
         <load_address>0xd626</load_address>
         <run_address>0xd626</run_address>
         <size>0x28a</size>
         <input_file_ref idref="fl-c6"/>
      </object_component>
      <object_component id="oc-f7">
         <name>.debug_info</name>
         <load_address>0xd8b0</load_address>
         <run_address>0xd8b0</run_address>
         <size>0x209</size>
         <input_file_ref idref="fl-c6"/>
      </object_component>
      <object_component id="oc-1bb">
         <name>.debug_info</name>
         <load_address>0xdab9</load_address>
         <run_address>0xdab9</run_address>
         <size>0x33a</size>
         <input_file_ref idref="fl-c7"/>
      </object_component>
      <object_component id="oc-d1">
         <name>.debug_info</name>
         <load_address>0xddf3</load_address>
         <run_address>0xddf3</run_address>
         <size>0x1ee</size>
         <input_file_ref idref="fl-c7"/>
      </object_component>
      <object_component id="oc-1b1">
         <name>.debug_info</name>
         <load_address>0xdfe1</load_address>
         <run_address>0xdfe1</run_address>
         <size>0x1c3</size>
         <input_file_ref idref="fl-c7"/>
      </object_component>
      <object_component id="oc-1b6">
         <name>.debug_info</name>
         <load_address>0xe1a4</load_address>
         <run_address>0xe1a4</run_address>
         <size>0x176</size>
         <input_file_ref idref="fl-c7"/>
      </object_component>
      <object_component id="oc-1bc">
         <name>.debug_info</name>
         <load_address>0xe31a</load_address>
         <run_address>0xe31a</run_address>
         <size>0x2c</size>
         <input_file_ref idref="fl-c7"/>
      </object_component>
      <object_component id="oc-1c1">
         <name>.debug_info</name>
         <load_address>0xe346</load_address>
         <run_address>0xe346</run_address>
         <size>0x69</size>
         <input_file_ref idref="fl-c7"/>
      </object_component>
      <object_component id="oc-1f1">
         <name>.debug_info</name>
         <load_address>0xe3af</load_address>
         <run_address>0xe3af</run_address>
         <size>0x333</size>
         <input_file_ref idref="fl-c8"/>
      </object_component>
      <object_component id="oc-ff">
         <name>.debug_info</name>
         <load_address>0xe6e2</load_address>
         <run_address>0xe6e2</run_address>
         <size>0x1d1</size>
         <input_file_ref idref="fl-c8"/>
      </object_component>
      <object_component id="oc-1e8">
         <name>.debug_info</name>
         <load_address>0xe8b3</load_address>
         <run_address>0xe8b3</run_address>
         <size>0x18d</size>
         <input_file_ref idref="fl-c8"/>
      </object_component>
      <object_component id="oc-1ee">
         <name>.debug_info</name>
         <load_address>0xea40</load_address>
         <run_address>0xea40</run_address>
         <size>0x16d</size>
         <input_file_ref idref="fl-c8"/>
      </object_component>
      <object_component id="oc-ee">
         <name>.debug_info</name>
         <load_address>0xebad</load_address>
         <run_address>0xebad</run_address>
         <size>0x14c</size>
         <input_file_ref idref="fl-c9"/>
      </object_component>
      <object_component id="oc-de">
         <name>.debug_info</name>
         <load_address>0xecf9</load_address>
         <run_address>0xecf9</run_address>
         <size>0x128</size>
         <input_file_ref idref="fl-ca"/>
      </object_component>
      <object_component id="oc-1db">
         <name>.debug_info</name>
         <load_address>0xee21</load_address>
         <run_address>0xee21</run_address>
         <size>0x12a</size>
         <input_file_ref idref="fl-ca"/>
      </object_component>
      <object_component id="oc-11c">
         <name>.debug_info</name>
         <load_address>0xef4b</load_address>
         <run_address>0xef4b</run_address>
         <size>0x13a</size>
         <input_file_ref idref="fl-cb"/>
      </object_component>
      <object_component id="oc-f1">
         <name>.debug_info</name>
         <load_address>0xf085</load_address>
         <run_address>0xf085</run_address>
         <size>0x13a</size>
         <input_file_ref idref="fl-cc"/>
      </object_component>
      <object_component id="oc-e2">
         <name>.debug_info</name>
         <load_address>0xf1bf</load_address>
         <run_address>0xf1bf</run_address>
         <size>0x12e</size>
         <input_file_ref idref="fl-cd"/>
      </object_component>
      <object_component id="oc-e7">
         <name>.debug_info</name>
         <load_address>0xf2ed</load_address>
         <run_address>0xf2ed</run_address>
         <size>0x12c</size>
         <input_file_ref idref="fl-ce"/>
      </object_component>
      <object_component id="oc-3d">
         <name>.debug_info</name>
         <load_address>0xf419</load_address>
         <run_address>0xf419</run_address>
         <size>0x119</size>
         <input_file_ref idref="fl-cf"/>
      </object_component>
      <object_component id="oc-91">
         <name>.debug_info</name>
         <load_address>0xf532</load_address>
         <run_address>0xf532</run_address>
         <size>0x147</size>
         <input_file_ref idref="fl-d0"/>
      </object_component>
      <object_component id="oc-8e">
         <name>.debug_info</name>
         <load_address>0xf679</load_address>
         <run_address>0xf679</run_address>
         <size>0x2d4</size>
         <input_file_ref idref="fl-d1"/>
      </object_component>
      <object_component id="oc-49">
         <name>.debug_info</name>
         <load_address>0xf94d</load_address>
         <run_address>0xf94d</run_address>
         <size>0x1d2</size>
         <input_file_ref idref="fl-d1"/>
      </object_component>
      <object_component id="oc-89">
         <name>.debug_info</name>
         <load_address>0xfb1f</load_address>
         <run_address>0xfb1f</run_address>
         <size>0x46</size>
         <input_file_ref idref="fl-d1"/>
      </object_component>
      <object_component id="oc-ba">
         <name>.debug_info</name>
         <load_address>0xfb65</load_address>
         <run_address>0xfb65</run_address>
         <size>0x2c</size>
         <input_file_ref idref="fl-d1"/>
      </object_component>
      <object_component id="oc-46">
         <name>.debug_info</name>
         <load_address>0xfb91</load_address>
         <run_address>0xfb91</run_address>
         <size>0x2a8</size>
         <input_file_ref idref="fl-d2"/>
      </object_component>
      <object_component id="oc-1e">
         <name>.debug_info</name>
         <load_address>0xfe39</load_address>
         <run_address>0xfe39</run_address>
         <size>0x1ea</size>
         <input_file_ref idref="fl-d2"/>
      </object_component>
      <object_component id="oc-41">
         <name>.debug_info</name>
         <load_address>0x10023</load_address>
         <run_address>0x10023</run_address>
         <size>0x46</size>
         <input_file_ref idref="fl-d2"/>
      </object_component>
      <object_component id="oc-81">
         <name>.debug_info</name>
         <load_address>0x10069</load_address>
         <run_address>0x10069</run_address>
         <size>0x2c</size>
         <input_file_ref idref="fl-d2"/>
      </object_component>
      <object_component id="oc-7f">
         <name>.debug_info</name>
         <load_address>0x10095</load_address>
         <run_address>0x10095</run_address>
         <size>0x29e</size>
         <input_file_ref idref="fl-d3"/>
      </object_component>
      <object_component id="oc-18">
         <name>.debug_info</name>
         <load_address>0x10333</load_address>
         <run_address>0x10333</run_address>
         <size>0x250</size>
         <input_file_ref idref="fl-d3"/>
      </object_component>
      <object_component id="oc-31">
         <name>.debug_info</name>
         <load_address>0x10583</load_address>
         <run_address>0x10583</run_address>
         <size>0x60</size>
         <input_file_ref idref="fl-d3"/>
      </object_component>
      <object_component id="oc-b3">
         <name>.debug_info</name>
         <load_address>0x105e3</load_address>
         <run_address>0x105e3</run_address>
         <size>0x46</size>
         <input_file_ref idref="fl-d3"/>
      </object_component>
      <object_component id="oc-7a">
         <name>.debug_info</name>
         <load_address>0x10629</load_address>
         <run_address>0x10629</run_address>
         <size>0x39</size>
         <input_file_ref idref="fl-d3"/>
      </object_component>
      <object_component id="oc-20e">
         <name>.debug_info</name>
         <load_address>0x10662</load_address>
         <run_address>0x10662</run_address>
         <size>0x2c5</size>
         <input_file_ref idref="fl-d4"/>
      </object_component>
      <object_component id="oc-117">
         <name>.debug_info</name>
         <load_address>0x10927</load_address>
         <run_address>0x10927</run_address>
         <size>0x149</size>
         <input_file_ref idref="fl-d4"/>
      </object_component>
      <object_component id="oc-1f3">
         <name>.debug_info</name>
         <load_address>0x10a70</load_address>
         <run_address>0x10a70</run_address>
         <size>0x290</size>
         <input_file_ref idref="fl-d5"/>
      </object_component>
      <object_component id="oc-105">
         <name>.debug_info</name>
         <load_address>0x10d00</load_address>
         <run_address>0x10d00</run_address>
         <size>0x2a4</size>
         <input_file_ref idref="fl-d5"/>
      </object_component>
      <object_component id="oc-206">
         <name>.debug_info</name>
         <load_address>0x10fa4</load_address>
         <run_address>0x10fa4</run_address>
         <size>0x2af</size>
         <input_file_ref idref="fl-d6"/>
      </object_component>
      <object_component id="oc-10f">
         <name>.debug_info</name>
         <load_address>0x11253</load_address>
         <run_address>0x11253</run_address>
         <size>0x277</size>
         <input_file_ref idref="fl-d6"/>
      </object_component>
      <object_component id="oc-2e8">
         <name>.debug_info</name>
         <load_address>0x114ca</load_address>
         <run_address>0x114ca</run_address>
         <size>0x3b1</size>
         <input_file_ref idref="fl-d7"/>
      </object_component>
      <object_component id="oc-2e5">
         <name>.debug_info</name>
         <load_address>0x1187b</load_address>
         <run_address>0x1187b</run_address>
         <size>0x123</size>
         <input_file_ref idref="fl-d7"/>
      </object_component>
      <object_component id="oc-209">
         <name>.debug_info</name>
         <load_address>0x1199e</load_address>
         <run_address>0x1199e</run_address>
         <size>0x4e0</size>
         <input_file_ref idref="fl-d7"/>
      </object_component>
      <object_component id="oc-204">
         <name>.debug_info</name>
         <load_address>0x11e7e</load_address>
         <run_address>0x11e7e</run_address>
         <size>0x2fe</size>
         <input_file_ref idref="fl-d8"/>
      </object_component>
      <object_component id="oc-201">
         <name>.debug_info</name>
         <load_address>0x1217c</load_address>
         <run_address>0x1217c</run_address>
         <size>0x105</size>
         <input_file_ref idref="fl-d8"/>
      </object_component>
      <object_component id="oc-10a">
         <name>.debug_info</name>
         <load_address>0x12281</load_address>
         <run_address>0x12281</run_address>
         <size>0x1ab</size>
         <input_file_ref idref="fl-d8"/>
      </object_component>
      <object_component id="oc-25">
         <name>.debug_info</name>
         <load_address>0x1242c</load_address>
         <run_address>0x1242c</run_address>
         <size>0x10b</size>
         <input_file_ref idref="fl-d9"/>
      </object_component>
      <object_component id="oc-5a">
         <name>.debug_info</name>
         <load_address>0x12537</load_address>
         <run_address>0x12537</run_address>
         <size>0x1a9</size>
         <input_file_ref idref="fl-d9"/>
      </object_component>
      <object_component id="oc-369">
         <name>.debug_info</name>
         <load_address>0x126e0</load_address>
         <run_address>0x126e0</run_address>
         <size>0x289</size>
         <input_file_ref idref="fl-da"/>
      </object_component>
      <object_component id="oc-366">
         <name>.debug_info</name>
         <load_address>0x12969</load_address>
         <run_address>0x12969</run_address>
         <size>0x10e</size>
         <input_file_ref idref="fl-da"/>
      </object_component>
      <object_component id="oc-2a9">
         <name>.debug_info</name>
         <load_address>0x12a77</load_address>
         <run_address>0x12a77</run_address>
         <size>0x14e</size>
         <input_file_ref idref="fl-da"/>
      </object_component>
      <object_component id="oc-381">
         <name>.debug_info</name>
         <load_address>0x12bc5</load_address>
         <run_address>0x12bc5</run_address>
         <size>0x2f8</size>
         <input_file_ref idref="fl-db"/>
      </object_component>
      <object_component id="oc-2df">
         <name>.debug_info</name>
         <load_address>0x12ebd</load_address>
         <run_address>0x12ebd</run_address>
         <size>0x225</size>
         <input_file_ref idref="fl-db"/>
      </object_component>
      <object_component id="oc-3c7">
         <name>.debug_info</name>
         <load_address>0x130e2</load_address>
         <run_address>0x130e2</run_address>
         <size>0x39</size>
         <input_file_ref idref="fl-db"/>
      </object_component>
      <object_component id="oc-382">
         <name>.debug_info</name>
         <load_address>0x1311b</load_address>
         <run_address>0x1311b</run_address>
         <size>0x2c</size>
         <input_file_ref idref="fl-db"/>
      </object_component>
      <object_component id="oc-2ae">
         <name>.debug_info</name>
         <load_address>0x13147</load_address>
         <run_address>0x13147</run_address>
         <size>0x590</size>
         <input_file_ref idref="fl-dc"/>
      </object_component>
      <object_component id="oc-280">
         <name>.debug_info</name>
         <load_address>0x136d7</load_address>
         <run_address>0x136d7</run_address>
         <size>0x21e</size>
         <input_file_ref idref="fl-dc"/>
      </object_component>
      <object_component id="oc-337">
         <name>.debug_info</name>
         <load_address>0x138f5</load_address>
         <run_address>0x138f5</run_address>
         <size>0x1b3</size>
         <input_file_ref idref="fl-dc"/>
      </object_component>
      <object_component id="oc-33d">
         <name>.debug_info</name>
         <load_address>0x13aa8</load_address>
         <run_address>0x13aa8</run_address>
         <size>0x21b</size>
         <input_file_ref idref="fl-dc"/>
      </object_component>
      <object_component id="oc-286">
         <name>.debug_info</name>
         <load_address>0x13cc3</load_address>
         <run_address>0x13cc3</run_address>
         <size>0x3c0</size>
         <input_file_ref idref="fl-dc"/>
      </object_component>
      <object_component id="oc-344">
         <name>.debug_info</name>
         <load_address>0x14083</load_address>
         <run_address>0x14083</run_address>
         <size>0x30a</size>
         <input_file_ref idref="fl-dc"/>
      </object_component>
      <object_component id="oc-34a">
         <name>.debug_info</name>
         <load_address>0x1438d</load_address>
         <run_address>0x1438d</run_address>
         <size>0x215</size>
         <input_file_ref idref="fl-dc"/>
      </object_component>
      <object_component id="oc-28c">
         <name>.debug_info</name>
         <load_address>0x145a2</load_address>
         <run_address>0x145a2</run_address>
         <size>0x215</size>
         <input_file_ref idref="fl-dc"/>
      </object_component>
      <object_component id="oc-292">
         <name>.debug_info</name>
         <load_address>0x147b7</load_address>
         <run_address>0x147b7</run_address>
         <size>0x304</size>
         <input_file_ref idref="fl-dc"/>
      </object_component>
      <object_component id="oc-298">
         <name>.debug_info</name>
         <load_address>0x14abb</load_address>
         <run_address>0x14abb</run_address>
         <size>0x4b5</size>
         <input_file_ref idref="fl-dc"/>
      </object_component>
      <object_component id="oc-1ab">
         <name>.debug_info</name>
         <load_address>0x14f70</load_address>
         <run_address>0x14f70</run_address>
         <size>0x5f4</size>
         <input_file_ref idref="fl-dc"/>
      </object_component>
      <object_component id="oc-2af">
         <name>.debug_info</name>
         <load_address>0x15564</load_address>
         <run_address>0x15564</run_address>
         <size>0x86</size>
         <input_file_ref idref="fl-dc"/>
      </object_component>
      <object_component id="oc-36c">
         <name>.debug_info</name>
         <load_address>0x155ea</load_address>
         <run_address>0x155ea</run_address>
         <size>0x39</size>
         <input_file_ref idref="fl-dc"/>
      </object_component>
      <object_component id="oc-3bf">
         <name>.debug_info</name>
         <load_address>0x15623</load_address>
         <run_address>0x15623</run_address>
         <size>0xb6</size>
         <input_file_ref idref="fl-dc"/>
      </object_component>
      <object_component id="oc-371">
         <name>.debug_info</name>
         <load_address>0x156d9</load_address>
         <run_address>0x156d9</run_address>
         <size>0x46</size>
         <input_file_ref idref="fl-dc"/>
      </object_component>
      <object_component id="oc-2b4">
         <name>.debug_info</name>
         <load_address>0x1571f</load_address>
         <run_address>0x1571f</run_address>
         <size>0x46</size>
         <input_file_ref idref="fl-dc"/>
      </object_component>
      <object_component id="oc-32a">
         <name>.debug_info</name>
         <load_address>0x15765</load_address>
         <run_address>0x15765</run_address>
         <size>0x134</size>
         <input_file_ref idref="fl-dd"/>
      </object_component>
      <object_component id="oc-22c">
         <name>.debug_info</name>
         <load_address>0x15899</load_address>
         <run_address>0x15899</run_address>
         <size>0x4b3</size>
         <input_file_ref idref="fl-de"/>
      </object_component>
      <object_component id="oc-13a">
         <name>.debug_info</name>
         <load_address>0x15d4c</load_address>
         <run_address>0x15d4c</run_address>
         <size>0x1a6</size>
         <input_file_ref idref="fl-de"/>
      </object_component>
      <object_component id="oc-300">
         <name>.debug_info</name>
         <load_address>0x15ef2</load_address>
         <run_address>0x15ef2</run_address>
         <size>0x39</size>
         <input_file_ref idref="fl-de"/>
      </object_component>
      <object_component id="oc-391">
         <name>.debug_info</name>
         <load_address>0x15f2b</load_address>
         <run_address>0x15f2b</run_address>
         <size>0x39</size>
         <input_file_ref idref="fl-de"/>
      </object_component>
      <object_component id="oc-305">
         <name>.debug_info</name>
         <load_address>0x15f64</load_address>
         <run_address>0x15f64</run_address>
         <size>0x39</size>
         <input_file_ref idref="fl-de"/>
      </object_component>
      <object_component id="oc-30a">
         <name>.debug_info</name>
         <load_address>0x15f9d</load_address>
         <run_address>0x15f9d</run_address>
         <size>0xcd</size>
         <input_file_ref idref="fl-de"/>
      </object_component>
      <object_component id="oc-96">
         <name>.debug_info</name>
         <load_address>0x1606a</load_address>
         <run_address>0x1606a</run_address>
         <size>0x153</size>
         <input_file_ref idref="fl-df"/>
      </object_component>
      <object_component id="oc-12e">
         <name>.debug_info</name>
         <load_address>0x161bd</load_address>
         <run_address>0x161bd</run_address>
         <size>0x122</size>
         <input_file_ref idref="fl-e1"/>
      </object_component>
      <object_component id="oc-3a9">
         <name>.debug_info</name>
         <load_address>0x162df</load_address>
         <run_address>0x162df</run_address>
         <size>0x29c</size>
         <input_file_ref idref="fl-e3"/>
      </object_component>
      <object_component id="oc-331">
         <name>.debug_info</name>
         <load_address>0x1657b</load_address>
         <run_address>0x1657b</run_address>
         <size>0x1da</size>
         <input_file_ref idref="fl-e3"/>
      </object_component>
      <object_component id="oc-327">
         <name>.debug_info</name>
         <load_address>0x16755</load_address>
         <run_address>0x16755</run_address>
         <size>0x2b9</size>
         <input_file_ref idref="fl-e5"/>
      </object_component>
      <object_component id="oc-279">
         <name>.debug_info</name>
         <load_address>0x16a0e</load_address>
         <run_address>0x16a0e</run_address>
         <size>0x17c</size>
         <input_file_ref idref="fl-e5"/>
      </object_component>
      <object_component id="oc-389">
         <name>.debug_info</name>
         <load_address>0x16b8a</load_address>
         <run_address>0x16b8a</run_address>
         <size>0xf9</size>
         <input_file_ref idref="fl-e6"/>
      </object_component>
      <object_component id="oc-2e2">
         <name>.debug_info</name>
         <load_address>0x16c83</load_address>
         <run_address>0x16c83</run_address>
         <size>0x105</size>
         <input_file_ref idref="fl-e6"/>
      </object_component>
      <object_component id="oc-35d">
         <name>.debug_info</name>
         <load_address>0x16d88</load_address>
         <run_address>0x16d88</run_address>
         <size>0x2a7</size>
         <input_file_ref idref="fl-e7"/>
      </object_component>
      <object_component id="oc-29d">
         <name>.debug_info</name>
         <load_address>0x1702f</load_address>
         <run_address>0x1702f</run_address>
         <size>0x1b8</size>
         <input_file_ref idref="fl-e7"/>
      </object_component>
      <object_component id="oc-3b1">
         <name>.debug_info</name>
         <load_address>0x171e7</load_address>
         <run_address>0x171e7</run_address>
         <size>0x29a</size>
         <input_file_ref idref="fl-e8"/>
      </object_component>
      <object_component id="oc-359">
         <name>.debug_info</name>
         <load_address>0x17481</load_address>
         <run_address>0x17481</run_address>
         <size>0x262</size>
         <input_file_ref idref="fl-e8"/>
      </object_component>
      <object_component id="oc-2d4">
         <name>.debug_info</name>
         <load_address>0x176e3</load_address>
         <run_address>0x176e3</run_address>
         <size>0x290</size>
         <input_file_ref idref="fl-e9"/>
      </object_component>
      <object_component id="oc-1fb">
         <name>.debug_info</name>
         <load_address>0x17973</load_address>
         <run_address>0x17973</run_address>
         <size>0x198</size>
         <input_file_ref idref="fl-e9"/>
      </object_component>
      <object_component id="oc-325">
         <name>.debug_info</name>
         <load_address>0x17b0b</load_address>
         <run_address>0x17b0b</run_address>
         <size>0x28f</size>
         <input_file_ref idref="fl-ea"/>
      </object_component>
      <object_component id="oc-273">
         <name>.debug_info</name>
         <load_address>0x17d9a</load_address>
         <run_address>0x17d9a</run_address>
         <size>0x245</size>
         <input_file_ref idref="fl-ea"/>
      </object_component>
      <object_component id="oc-2d2">
         <name>.debug_info</name>
         <load_address>0x17fdf</load_address>
         <run_address>0x17fdf</run_address>
         <size>0x295</size>
         <input_file_ref idref="fl-eb"/>
      </object_component>
      <object_component id="oc-1f8">
         <name>.debug_info</name>
         <load_address>0x18274</load_address>
         <run_address>0x18274</run_address>
         <size>0x1c3</size>
         <input_file_ref idref="fl-eb"/>
      </object_component>
      <object_component id="oc-364">
         <name>.debug_info</name>
         <load_address>0x18437</load_address>
         <run_address>0x18437</run_address>
         <size>0x28f</size>
         <input_file_ref idref="fl-ec"/>
      </object_component>
      <object_component id="oc-2a3">
         <name>.debug_info</name>
         <load_address>0x186c6</load_address>
         <run_address>0x186c6</run_address>
         <size>0x15a</size>
         <input_file_ref idref="fl-ec"/>
      </object_component>
      <object_component id="oc-3b4">
         <name>.debug_info</name>
         <load_address>0x18820</load_address>
         <run_address>0x18820</run_address>
         <size>0x46</size>
         <input_file_ref idref="fl-ec"/>
      </object_component>
      <object_component id="oc-35f">
         <name>.debug_info</name>
         <load_address>0x18866</load_address>
         <run_address>0x18866</run_address>
         <size>0x39</size>
         <input_file_ref idref="fl-ec"/>
      </object_component>
      <object_component id="oc-37b">
         <name>.debug_info</name>
         <load_address>0x1889f</load_address>
         <run_address>0x1889f</run_address>
         <size>0x161</size>
         <input_file_ref idref="fl-ed"/>
      </object_component>
      <object_component id="oc-3af">
         <name>.debug_info</name>
         <load_address>0x18a00</load_address>
         <run_address>0x18a00</run_address>
         <size>0x295</size>
         <input_file_ref idref="fl-ee"/>
      </object_component>
      <object_component id="oc-350">
         <name>.debug_info</name>
         <load_address>0x18c95</load_address>
         <run_address>0x18c95</run_address>
         <size>0x195</size>
         <input_file_ref idref="fl-ee"/>
      </object_component>
      <object_component id="oc-3a4">
         <name>.debug_info</name>
         <load_address>0x18e2a</load_address>
         <run_address>0x18e2a</run_address>
         <size>0x115</size>
         <input_file_ref idref="fl-ef"/>
      </object_component>
      <object_component id="oc-406">
         <name>.debug_info</name>
         <load_address>0x18f3f</load_address>
         <run_address>0x18f3f</run_address>
         <size>0x83</size>
      </object_component>
      <object_component id="oc-16b">
         <name>.debug_line</name>
         <load_address>0x0</load_address>
         <run_address>0x0</run_address>
         <size>0x20</size>
         <input_file_ref idref="fl-2"/>
      </object_component>
      <object_component id="oc-73">
         <name>.debug_line</name>
         <load_address>0x20</load_address>
         <run_address>0x20</run_address>
         <size>0x6f</size>
         <input_file_ref idref="fl-2"/>
      </object_component>
      <object_component id="oc-39">
         <name>.debug_line</name>
         <load_address>0x8f</load_address>
         <run_address>0x8f</run_address>
         <size>0x20</size>
         <input_file_ref idref="fl-2"/>
      </object_component>
      <object_component id="oc-b0">
         <name>.debug_line</name>
         <load_address>0xaf</load_address>
         <run_address>0xaf</run_address>
         <size>0x73</size>
         <input_file_ref idref="fl-2"/>
      </object_component>
      <object_component id="oc-19a">
         <name>.debug_line</name>
         <load_address>0x122</load_address>
         <run_address>0x122</run_address>
         <size>0x6f</size>
         <input_file_ref idref="fl-2"/>
      </object_component>
      <object_component id="oc-78">
         <name>.debug_line</name>
         <load_address>0x191</load_address>
         <run_address>0x191</run_address>
         <size>0x70</size>
         <input_file_ref idref="fl-2"/>
      </object_component>
      <object_component id="oc-270">
         <name>.debug_line</name>
         <load_address>0x201</load_address>
         <run_address>0x201</run_address>
         <size>0x5b</size>
         <input_file_ref idref="fl-3"/>
      </object_component>
      <object_component id="oc-26a">
         <name>.debug_line</name>
         <load_address>0x25c</load_address>
         <run_address>0x25c</run_address>
         <size>0x2d</size>
         <input_file_ref idref="fl-3"/>
      </object_component>
      <object_component id="oc-26c">
         <name>.debug_line</name>
         <load_address>0x289</load_address>
         <run_address>0x289</run_address>
         <size>0x2d</size>
         <input_file_ref idref="fl-3"/>
      </object_component>
      <object_component id="oc-26e">
         <name>.debug_line</name>
         <load_address>0x2b6</load_address>
         <run_address>0x2b6</run_address>
         <size>0x2d</size>
         <input_file_ref idref="fl-3"/>
      </object_component>
      <object_component id="oc-ca">
         <name>.debug_line</name>
         <load_address>0x2e3</load_address>
         <run_address>0x2e3</run_address>
         <size>0x64e</size>
         <input_file_ref idref="fl-3"/>
      </object_component>
      <object_component id="oc-128">
         <name>.debug_line</name>
[...]
         <name>SysCtlClockFreqSet</name>
         <value>0x8d1</value>
         <object_component_ref idref="oc-c3"/>
      </symbol>
      <symbol id="sm-31d">
         <name>SysCtlPeripheralReset</name>
         <value>0x481</value>
         <object_component_ref idref="oc-c3"/>
      </symbol>
      <symbol id="sm-33a">
         <name>ResetISR</name>
         <value>0x51f7</value>
         <object_component_ref idref="oc-27"/>
      </symbol>
      <symbol id="sm-33b">
         <name>g_pfnVectors</name>
         <value>0x0</value>
         <object_component_ref idref="oc-12"/>
      </symbol>
      <symbol id="sm-3ae">
         <name>UARTClockSourceGet</name>
         <value>0x2dbf</value>
         <object_component_ref idref="oc-d5"/>
      </symbol>
      <symbol id="sm-3af">
         <name>UARTCharPutNonBlocking</name>
         <value>0x2c31</value>
         <object_component_ref idref="oc-d5"/>
      </symbol>
      <symbol id="sm-3b0">
         <name>UARTDMAEnable</name>
         <value>0x2d59</value>
         <object_component_ref idref="oc-d5"/>
      </symbol>
      <symbol id="sm-3b1">
         <name>UARTTxIntModeSet</name>
         <value>0x2b95</value>
         <object_component_ref idref="oc-d5"/>
      </symbol>
      <symbol id="sm-3b2">
         <name>UARTFIFODisable</name>
         <value>0x2a43</value>
         <object_component_ref idref="oc-d5"/>
      </symbol>
      <symbol id="sm-3b3">
         <name>UARTIntUnregister</name>
         <value>0x2cd9</value>
         <object_component_ref idref="oc-d5"/>
      </symbol>
      <symbol id="sm-3b4">
         <name>UARTRxErrorClear</name>
         <value>0x2d9b</value>
         <object_component_ref idref="oc-d5"/>
      </symbol>
      <symbol id="sm-3b5">
         <name>UARTModemControlSet</name>
         <value>0x2ae5</value>
         <object_component_ref idref="oc-d5"/>
      </symbol>
      <symbol id="sm-3b6">
         <name>UARTFlowControlSet</name>
         <value>0x2b67</value>
         <object_component_ref idref="oc-d5"/>
      </symbol>
      <symbol id="sm-3b7">
         <name>UARTConfigSetExpClk</name>
         <value>0x291d</value>
         <object_component_ref idref="oc-d5"/>
      </symbol>
      <symbol id="sm-3b8">
         <name>UARTSmartCardDisable</name>
         <value>0x2acf</value>
         <object_component_ref idref="oc-d5"/>
      </symbol>
      <symbol id="sm-3b9">
         <name>UARTDisable</name>
         <value>0x2a03</value>
         <object_component_ref idref="oc-d5"/>
      </symbol>
      <symbol id="sm-3ba">
         <name>UART9BitDisable</name>
         <value>0x2de5</value>
         <object_component_ref idref="oc-d5"/>
      </symbol>
      <symbol id="sm-3bb">
         <name>UARTFIFOLevelGet</name>
         <value>0x28f5</value>
         <object_component_ref idref="oc-d5"/>
      </symbol>
      <symbol id="sm-3bc">
         <name>UARTBusy</name>
         <value>0x2c9d</value>
         <object_component_ref idref="oc-d5"/>
      </symbol>
      <symbol id="sm-3bd">
         <name>UARTDisableSIR</name>
         <value>0x2a87</value>
         <object_component_ref idref="oc-d5"/>
      </symbol>
      <symbol id="sm-3be">
         <name>UARTLoopbackEnable</name>
         <value>0x2e69</value>
         <object_component_ref idref="oc-d5"/>
      </symbol>
      <symbol id="sm-3bf">
         <name>UARTIntEnable</name>
         <value>0x2cf9</value>
         <object_component_ref idref="oc-d5"/>
      </symbol>
      <symbol id="sm-3c0">
         <name>UARTCharsAvail</name>
         <value>0x2bc3</value>
         <object_component_ref idref="oc-d5"/>
      </symbol>
      <symbol id="sm-3c1">
         <name>UARTCharGetNonBlocking</name>
         <value>0x2bff</value>
         <object_component_ref idref="oc-d5"/>
      </symbol>
      <symbol id="sm-3c2">
         <name>UARTClockSourceSet</name>
         <value>0x2dab</value>
         <object_component_ref idref="oc-d5"/>
      </symbol>
      <symbol id="sm-3c3">
         <name>UARTTxIntModeGet</name>
         <value>0x2bb1</value>
         <object_component_ref idref="oc-d5"/>
      </symbol>
      <symbol id="sm-3c4">
         <name>UARTModemStatusGet</name>
         <value>0x2b53</value>
         <object_component_ref idref="oc-d5"/>
      </symbol>
      <symbol id="sm-3c5">
         <name>UARTIntDisable</name>
         <value>0x2d11</value>
         <object_component_ref idref="oc-d5"/>
      </symbol>
      <symbol id="sm-3c6">
         <name>UARTCharPut</name>
         <value>0x2c55</value>
         <object_component_ref idref="oc-d5"/>
      </symbol>
      <symbol id="sm-3c7">
         <name>UARTParityModeSet</name>
         <value>0x28af</value>
         <object_component_ref idref="oc-d5"/>
      </symbol>
      <symbol id="sm-3c8">
         <name>UARTRxErrorGet</name>
         <value>0x2d89</value>
         <object_component_ref idref="oc-d5"/>
      </symbol>
      <symbol id="sm-3c9">
         <name>UARTConfigGetExpClk</name>
         <value>0x2993</value>
         <object_component_ref idref="oc-d5"/>
      </symbol>
      <symbol id="sm-3ca">
         <name>UARTEnableSIR</name>
         <value>0x2a59</value>
         <object_component_ref idref="oc-d5"/>
      </symbol>
      <symbol id="sm-3cb">
         <name>UARTEnable</name>
         <value>0x29df</value>
         <object_component_ref idref="oc-d5"/>
      </symbol>
      <symbol id="sm-3cc">
         <name>UART9BitAddrSend</name>
         <value>0x2e21</value>
         <object_component_ref idref="oc-d5"/>
      </symbol>
      <symbol id="sm-3cd">
         <name>UARTModemControlGet</name>
         <value>0x2b41</value>
         <object_component_ref idref="oc-d5"/>
      </symbol>
      <symbol id="sm-3ce">
         <name>UARTSmartCardEnable</name>
         <value>0x2a9d</value>
         <object_component_ref idref="oc-d5"/>
      </symbol>
      <symbol id="sm-3cf">
         <name>UARTFlowControlGet</name>
         <value>0x2b83</value>
         <object_component_ref idref="oc-d5"/>
      </symbol>
      <symbol id="sm-3d0">
         <name>UARTFIFOEnable</name>
         <value>0x2a2d</value>
         <object_component_ref idref="oc-d5"/>
      </symbol>
      <symbol id="sm-3d1">
         <name>UARTIntClear</name>
         <value>0x2d47</value>
         <object_component_ref idref="oc-d5"/>
      </symbol>
      <symbol id="sm-3d2">
         <name>UARTIntStatus</name>
         <value>0x2d29</value>
         <object_component_ref idref="oc-d5"/>
      </symbol>
      <symbol id="sm-3d3">
         <name>UARTDMADisable</name>
         <value>0x2d71</value>
         <object_component_ref idref="oc-d5"/>
      </symbol>
      <symbol id="sm-3d4">
         <name>UART9BitEnable</name>
         <value>0x2dcf</value>
         <object_component_ref idref="oc-d5"/>
      </symbol>
      <symbol id="sm-3d5">
         <name>UARTSpaceAvail</name>
         <value>0x2be1</value>
         <object_component_ref idref="oc-d5"/>
      </symbol>
      <symbol id="sm-3d6">
         <name>UARTCharGet</name>
         <value>0x2c1b</value>
         <object_component_ref idref="oc-d5"/>
      </symbol>
      <symbol id="sm-3d7">
         <name>UARTFIFOLevelSet</name>
         <value>0x28dd</value>
         <object_component_ref idref="oc-d5"/>
      </symbol>
      <symbol id="sm-3d8">
         <name>UARTModemControlClear</name>
         <value>0x2b1d</value>
         <object_component_ref idref="oc-d5"/>
      </symbol>
      <symbol id="sm-3d9">
         <name>UARTParityModeGet</name>
         <value>0x28cb</value>
         <object_component_ref idref="oc-d5"/>
      </symbol>
      <symbol id="sm-3da">
         <name>UARTIntRegister</name>
         <value>0x2cbb</value>
         <object_component_ref idref="oc-d5"/>
      </symbol>
      <symbol id="sm-3db">
         <name>UARTBreakCtl</name>
         <value>0x2c73</value>
         <object_component_ref idref="oc-d5"/>
      </symbol>
      <symbol id="sm-3dc">
         <name>UART9BitAddrSet</name>
         <value>0x2dfb</value>
         <object_component_ref idref="oc-d5"/>
      </symbol>
      <symbol id="sm-3f8">
         <name>CPUwfi</name>
         <value>0x521b</value>
         <object_component_ref idref="oc-187"/>
      </symbol>
      <symbol id="sm-458">
         <name>IntEnable</name>
         <value>0x4b7d</value>
         <object_component_ref idref="oc-175"/>
      </symbol>
      <symbol id="sm-459">
         <name>IntDisable</name>
         <value>0x4b15</value>
         <object_component_ref idref="oc-17b"/>
      </symbol>
      <symbol id="sm-45a">
         <name>IntRegister</name>
         <value>0x4fc5</value>
         <object_component_ref idref="oc-16f"/>
      </symbol>
      <symbol id="sm-45b">
         <name>IntUnregister</name>
         <value>0x519d</value>
         <object_component_ref idref="oc-181"/>
      </symbol>
      <symbol id="sm-45c">
         <name>g_pfnRAMVectors</name>
         <value>0x20000000</value>
         <object_component_ref idref="oc-243"/>
      </symbol>
      <symbol id="sm-4a5">
         <name>fmod</name>
         <value>0x3b21</value>
         <object_component_ref idref="oc-11e"/>
      </symbol>
      <symbol id="sm-4a6">
         <name>fmodl</name>
         <value>0x3b21</value>
         <object_component_ref idref="oc-11e"/>
      </symbol>
      <symbol id="sm-4be">
         <name>trunc</name>
         <value>0x4681</value>
         <object_component_ref idref="oc-f5"/>
      </symbol>
      <symbol id="sm-4bf">
         <name>truncl</name>
         <value>0x4681</value>
         <object_component_ref idref="oc-f5"/>
      </symbol>
      <symbol id="sm-4ee">
         <name>snprintf</name>
         <value>0x4df9</value>
         <object_component_ref idref="oc-cf"/>
      </symbol>
      <symbol id="sm-510">
         <name>sprintf</name>
         <value>0x4ed1</value>
         <object_component_ref idref="oc-fb"/>
      </symbol>
      <symbol id="sm-527">
         <name>__aeabi_dsub</name>
         <value>0x3f25</value>
         <object_component_ref idref="oc-eb"/>
      </symbol>
      <symbol id="sm-528">
         <name>__aeabi_dadd</name>
         <value>0x3f2f</value>
         <object_component_ref idref="oc-eb"/>
      </symbol>
      <symbol id="sm-54a">
         <name>__aeabi_cdcmpeq</name>
         <value>0x4921</value>
         <object_component_ref idref="oc-dc"/>
      </symbol>
      <symbol id="sm-54b">
         <name>__aeabi_cdcmple</name>
         <value>0x4921</value>
         <object_component_ref idref="oc-dc"/>
      </symbol>
      <symbol id="sm-54c">
         <name>__aeabi_cdrcmple</name>
         <value>0x49a7</value>
         <object_component_ref idref="oc-1d8"/>
      </symbol>
      <symbol id="sm-560">
         <name>__aeabi_ddiv</name>
         <value>0x4219</value>
         <object_component_ref idref="oc-119"/>
      </symbol>
      <symbol id="sm-56b">
         <name>__aeabi_dmul</name>
         <value>0x4585</value>
         <object_component_ref idref="oc-f0"/>
      </symbol>
      <symbol id="sm-575">
         <name>__aeabi_d2iz</name>
         <value>0x4e45</value>
         <object_component_ref idref="oc-e1"/>
      </symbol>
      <symbol id="sm-57f">
         <name>__aeabi_i2d</name>
         <value>0x505d</value>
         <object_component_ref idref="oc-e6"/>
      </symbol>
      <symbol id="sm-59a">
         <name>memcpy</name>
         <value>0x47ef</value>
         <object_component_ref idref="oc-3b"/>
      </symbol>
      <symbol id="sm-59b">
         <name>__aeabi_memcpy</name>
         <value>0x47ef</value>
         <object_component_ref idref="oc-3b"/>
      </symbol>
      <symbol id="sm-59c">
         <name>__aeabi_memcpy8</name>
         <value>0x47ef</value>
         <object_component_ref idref="oc-3b"/>
      </symbol>
      <symbol id="sm-59d">
         <name>__aeabi_memcpy4</name>
         <value>0x47ef</value>
         <object_component_ref idref="oc-3b"/>
      </symbol>
      <symbol id="sm-5ac">
         <name>__aeabi_memset</name>
         <value>0x4a2f</value>
         <object_component_ref idref="oc-8f"/>
      </symbol>
      <symbol id="sm-5ad">
         <name>memset</name>
         <value>0x4a35</value>
         <object_component_ref idref="oc-8f"/>
      </symbol>
      <symbol id="sm-5ae">
         <name>__aeabi_memset8</name>
         <value>0x4a2f</value>
         <object_component_ref idref="oc-8f"/>
      </symbol>
      <symbol id="sm-5af">
         <name>__aeabi_memset4</name>
         <value>0x4a2f</value>
         <object_component_ref idref="oc-8f"/>
      </symbol>
      <symbol id="sm-5b0">
         <name>__aeabi_memclr8</name>
         <value>0x4a2d</value>
         <object_component_ref idref="oc-8f"/>
      </symbol>
      <symbol id="sm-5b1">
         <name>__aeabi_memclr4</name>
         <value>0x4a2d</value>
         <object_component_ref idref="oc-8f"/>
      </symbol>
      <symbol id="sm-5b2">
         <name>__aeabi_memclr</name>
         <value>0x4a2d</value>
         <object_component_ref idref="oc-8f"/>
      </symbol>
      <symbol id="sm-5cb">
         <name>__TI_zero_init_nomemset</name>
         <value>0x5105</value>
         <object_component_ref idref="oc-47"/>
      </symbol>
      <symbol id="sm-5e2">
         <name>__TI_decompress_none</name>
         <value>0x51e9</value>
         <object_component_ref idref="oc-1b"/>
      </symbol>
      <symbol id="sm-605">
         <name>__TI_decompress_lzss</name>
         <value>0x4be5</value>
         <object_component_ref idref="oc-15"/>
      </symbol>
      <symbol id="sm-612">
         <name>atof</name>
         <value>0x51c5</value>
         <object_component_ref idref="oc-113"/>
      </symbol>
      <symbol id="sm-622">
         <name>strncmp</name>
         <value>0x508b</value>
         <object_component_ref idref="oc-101"/>
      </symbol>
      <symbol id="sm-632">
         <name>strncpy</name>
         <value>0x4f8f</value>
         <object_component_ref idref="oc-10d"/>
      </symbol>
      <symbol id="sm-692">
         <name>strtold</name>
         <value>0x3451</value>
         <object_component_ref idref="oc-207"/>
      </symbol>
      <symbol id="sm-693">
         <name>strtod</name>
         <value>0x3451</value>
         <object_component_ref idref="oc-207"/>
      </symbol>
      <symbol id="sm-6ab">
         <name>strtok</name>
         <value>0x4f11</value>
         <object_component_ref idref="oc-107"/>
      </symbol>
      <symbol id="sm-6be">
         <name>__stack</name>
         <value>0x20000270</value>
         <object_component_ref idref="oc-24"/>
      </symbol>
      <symbol id="sm-6bf">
         <name>_c_int00_noargs</name>
         <value>0x4ff9</value>
         <object_component_ref idref="oc-59"/>
      </symbol>
      <symbol id="sm-6d5">
         <name>__aeabi_errno_addr</name>
         <value>0x520d</value>
         <object_component_ref idref="oc-2a7"/>
      </symbol>
      <symbol id="sm-6d6">
         <name>errno</name>
         <value>0x20000470</value>
         <object_component_ref idref="oc-365"/>
      </symbol>
      <symbol id="sm-6fd">
         <name>scalbn</name>
         <value>0x4475</value>
         <object_component_ref idref="oc-2db"/>
      </symbol>
      <symbol id="sm-6fe">
         <name>scalbnl</name>
         <value>0x4475</value>
         <object_component_ref idref="oc-2db"/>
      </symbol>
      <symbol id="sm-6ff">
         <name>ldexpl</name>
         <value>0x4475</value>
         <object_component_ref idref="oc-2db"/>
      </symbol>
      <symbol id="sm-700">
         <name>ldexp</name>
         <value>0x4475</value>
         <object_component_ref idref="oc-2db"/>
      </symbol>
      <symbol id="sm-865">
         <name>__TI_printfi</name>
         <value>0x1e01</value>
         <object_component_ref idref="oc-1a8"/>
      </symbol>
      <symbol id="sm-872">
         <name>__aeabi_uldivmod</name>
         <value>0x488b</value>
         <object_component_ref idref="oc-328"/>
      </symbol>
      <symbol id="sm-89a">
         <name>__TI_auto_init_nobinit_nopinit</name>
         <value>0x4e8d</value>
         <object_component_ref idref="oc-138"/>
      </symbol>
      <symbol id="sm-8a4">
         <name>_system_pre_init</name>
         <value>0x521f</value>
         <object_component_ref idref="oc-95"/>
      </symbol>
      <symbol id="sm-8b0">
         <name>C$$EXIT</name>
         <value>0x5223</value>
         <object_component_ref idref="oc-12c"/>
      </symbol>
      <symbol id="sm-8b1">
         <name>abort</name>
         <value>0x5223</value>
         <object_component_ref idref="oc-12c"/>
      </symbol>
      <symbol id="sm-8c1">
         <name>__TI_ltoa</name>
         <value>0x4d07</value>
         <object_component_ref idref="oc-32e"/>
      </symbol>
      <symbol id="sm-8d8">
         <name>atoi</name>
         <value>0x4dad</value>
         <object_component_ref idref="oc-277"/>
      </symbol>
      <symbol id="sm-8e3">
         <name>_ctypes_</name>
         <value>0x53d8</value>
         <object_component_ref idref="oc-2e1"/>
      </symbol>
      <symbol id="sm-8f3">
         <name>memccpy</name>
         <value>0x5121</value>
         <object_component_ref idref="oc-29b"/>
      </symbol>
      <symbol id="sm-903">
         <name>strchr</name>
         <value>0x5187</value>
         <object_component_ref idref="oc-355"/>
      </symbol>
      <symbol id="sm-914">
         <name>strcspn</name>
         <value>0x50e1</value>
         <object_component_ref idref="oc-1fa"/>
      </symbol>
      <symbol id="sm-922">
         <name>strlen</name>
         <value>0x51b1</value>
         <object_component_ref idref="oc-271"/>
      </symbol>
      <symbol id="sm-934">
         <name>strspn</name>
         <value>0x50b7</value>
         <object_component_ref idref="oc-1f4"/>
      </symbol>
      <symbol id="sm-94d">
         <name>wcslen</name>
         <value>0x51d7</value>
         <object_component_ref idref="oc-2a1"/>
      </symbol>
      <symbol id="sm-957">
         <name>copysign</name>
         <value>0x513d</value>
         <object_component_ref idref="oc-37a"/>
      </symbol>
      <symbol id="sm-958">
         <name>copysignl</name>
         <value>0x513d</value>
         <object_component_ref idref="oc-37a"/>
      </symbol>
      <symbol id="sm-96e">
         <name>frexpl</name>
         <value>0x4c4d</value>
         <object_component_ref idref="oc-34f"/>
      </symbol>
      <symbol id="sm-96f">
         <name>frexp</name>
         <value>0x4c4d</value>
         <object_component_ref idref="oc-34f"/>
      </symbol>
      <symbol id="sm-979">
         <name>__aeabi_idiv0</name>
         <value>0x2e7f</value>
         <object_component_ref idref="oc-3a2"/>
      </symbol>
      <symbol id="sm-97a">
         <name>__aeabi_ldiv0</name>
         <value>0x2e7f</value>
         <object_component_ref idref="oc-3a2"/>
      </symbol>
      <symbol id="sm-97b">
         <name>__TI_static_base__</name>
         <value>0x0</value>
      </symbol>
      <symbol id="sm-97e">
         <name>__mpu_init</name>
         <value>0x0</value>
      </symbol>
      <symbol id="sm-97f">
         <name>_system_post_cinit</name>
         <value>0x0</value>
      </symbol>
   </symbol_table>
   <title>Link successful</title>
</link_info>
