******************************************************************************
                  TI ARM Linker PC v20.2.7                     
******************************************************************************
>> Linked Wed May 29 12:43:53 2024

OUTPUT FILE NAME:   <UART_Communication.out>
ENTRY POINT SYMBOL: "_c_int00_noargs"  address: 00004ff9


MEMORY CONFIGURATION

         name            origin    length      used     unused   attr    fill
----------------------  --------  ---------  --------  --------  ----  --------
  FLASH                 00000000   00040000  0000595e  0003a6a2  R  X
  SRAM                  20000000   00008000  00000474  00007b8c  RW X


SEGMENT ALLOCATION MAP

run origin  load origin   length   init length attrs members
----------  ----------- ---------- ----------- ----- -------
00000000    00000000    00005960   00005960    r-x
  00000000    00000000    0000026c   0000026c    r-- .intvecs
  0000026c    0000026c    00004fba   00004fba    r-x .text
  00005228    00005228    00000708   00000708    r-- .const
  00005930    00005930    00000030   00000030    r-- .cinit
20000000    20000000    00000478   00000000    rw-
  20000000    20000000    0000026c   00000000    rw- .vtable
  20000270    20000270    00000200   00000000    rw- .stack
  20000470    20000470    00000008   00000000    rw- .data


SECTION ALLOCATION MAP

 output                                  attributes/
section   page    origin      length       input sections
--------  ----  ----------  ----------   ----------------
.intvecs   0    00000000    0000026c     
                  00000000    0000026c     tm4c123gh6pm_startup_ccs.obj (.intvecs)

.text      0    0000026c    00004fba     
                  0000026c    00000f80     sysctl.obj (.text)
                  000011ec    00000c14     gpio.obj (.text)
                  00001e00    00000a4e     rtsv7M4_T_le_v4SPD16_eabi.lib : _printfi.c.obj (.text:__TI_printfi)
                  0000284e    00000002     driverlib.lib : interrupt.obj (.text:_IntDefaultHandler)
                  00002850    0000062e     uart.obj (.text)
                  00002e7e    00000002     rtsv7M4_T_le_v4SPD16_eabi.lib : div0.asm.obj (.text)
                  00002e80    000005d0     main.obj (.text)
                  00003450    00000460     rtsv7M4_T_le_v4SPD16_eabi.lib : strtod.c.obj (.text:strtod)
                  000038b0    00000270                                   : _printfi.c.obj (.text:_pconv_a)
                  00003b20    00000234                                   : e_fmod.c.obj (.text:fmod)
                  00003d54    000001d0                                   : _printfi.c.obj (.text:_pconv_g)
                  00003f24    000001b6                                   : fd_add_t2.asm.obj (.text)
                  000040da    00000002     --HOLE-- [fill = 0]
                  000040dc    0000013c                                   : _printfi.c.obj (.text:_pconv_e)
                  00004218    00000136                                   : fd_div_t2.asm.obj (.text)
                  0000434e    00000002     --HOLE-- [fill = 0]
                  00004350    00000124                                   : _printfi.c.obj (.text:fcvt)
                  00004474    00000110                                   : s_scalbn.c.obj (.text:scalbn)
                  00004584    000000fc                                   : fd_mul_t2.asm.obj (.text)
                  00004680    000000bc                                   : s_trunc.c.obj (.text:trunc)
                  0000473c    000000b1                                   : _printfi.c.obj (.text:_ltostr)
                  000047ed    00000001     --HOLE-- [fill = 0]
                  000047ee    0000009c                                   : memcpy_t2.asm.obj (.text)
                  0000488a    00000096                                   : ull_div_t2.asm.obj (.text)
                  00004920    00000086                                   : fd_cmp_t2.asm.obj (.text:__aeabi_cdcmple)
                  000049a6    00000086                                   : fd_cmp_t2.asm.obj (.text:__aeabi_cdrcmple)
                  00004a2c    0000007a                                   : memset_t2.asm.obj (.text)
                  00004aa6    0000006e                                   : _printfi.c.obj (.text:_mcpy)
                  00004b14    00000068     driverlib.lib : interrupt.obj (.text:IntDisable)
                  00004b7c    00000068                   : interrupt.obj (.text:IntEnable)
                  00004be4    00000068     rtsv7M4_T_le_v4SPD16_eabi.lib : copy_decompress_lzss.c.obj (.text:decompress:lzss:__TI_decompress_lzss)
                  00004c4c    00000064                                   : s_frexp.c.obj (.text:frexp)
                  00004cb0    00000056                                   : _printfi.c.obj (.text:_pconv_f)
                  00004d06    00000054                                   : _ltoa.c.obj (.text:__TI_ltoa)
                  00004d5a    00000052                                   : _printfi.c.obj (.text:_ecpy)
                  00004dac    0000004c                                   : atoi.c.obj (.text:atoi)
                  00004df8    0000004c                                   : snprintf.c.obj (.text:snprintf)
                  00004e44    00000048                                   : fd_toi_t2.asm.obj (.text)
                  00004e8c    00000044                                   : autoinit.c.obj (.text:__TI_auto_init_nobinit_nopinit:__TI_auto_init_nobinit_nopinit)
                  00004ed0    00000040                                   : sprintf.c.obj (.text:sprintf)
                  00004f10    00000040                                   : strtok.c.obj (.text:strtok)
                  00004f50    0000003e                                   : _printfi.c.obj (.text:_fcpy)
                  00004f8e    00000036                                   : strncpy.c.obj (.text:strncpy)
                  00004fc4    00000034     driverlib.lib : interrupt.obj (.text:IntRegister)
                  00004ff8    00000034     rtsv7M4_T_le_v4SPD16_eabi.lib : boot_cortex_m.c.obj (.text:_c_int00_noargs:_c_int00_noargs)
                  0000502c    00000030                                   : snprintf.c.obj (.text:_outs)
                  0000505c    0000002e                                   : i_tofd_t2.asm.obj (.text)
                  0000508a    0000002c                                   : strncmp.c.obj (.text:strncmp)
                  000050b6    0000002a                                   : strspn.c.obj (.text:strspn)
                  000050e0    00000024                                   : strcspn.c.obj (.text:strcspn)
                  00005104    0000001c                                   : copy_zero_init.c.obj (.text:decompress:ZI:__TI_zero_init_nomemset:__TI_zero_init_nomemset)
                  00005120    0000001c                                   : memccpy.c.obj (.text:memccpy)
                  0000513c    0000001a                                   : s_copysign.c.obj (.text:copysign)
                  00005156    00000018                                   : snprintf.c.obj (.text:_outc)
                  0000516e    00000018                                   : sprintf.c.obj (.text:_outs)
                  00005186    00000016                                   : strchr.c.obj (.text:strchr)
                  0000519c    00000014     driverlib.lib : interrupt.obj (.text:IntUnregister)
                  000051b0    00000014     rtsv7M4_T_le_v4SPD16_eabi.lib : strlen.c.obj (.text:strlen)
                  000051c4    00000012                                   : atof.c.obj (.text:atof)
                  000051d6    00000012                                   : wcslen.c.obj (.text:wcslen)
                  000051e8    0000000e                                   : copy_decompress_none.c.obj (.text:decompress:none:__TI_decompress_none)
                  000051f6    0000000c     tm4c123gh6pm_startup_ccs.obj (.text)
                  00005202    0000000a     rtsv7M4_T_le_v4SPD16_eabi.lib : sprintf.c.obj (.text:_outc)
                  0000520c    00000008                                   : errno.c.obj (.text:__aeabi_errno_addr)
                  00005214    00000006     sysctl.obj (.text:SysCtlDelay)
                  0000521a    00000004     driverlib.lib : cpu.obj (.text:CPUwfi)
                  0000521e    00000004     rtsv7M4_T_le_v4SPD16_eabi.lib : pre_init.c.obj (.text:_system_pre_init)
                  00005222    00000004                                   : exit.c.obj (.text:abort:abort)

.const     0    00005228    00000708     
                  00005228    000001b0     sysctl.obj (.const:g_pppui32XTALtoVCO)
                  000053d8    00000101     rtsv7M4_T_le_v4SPD16_eabi.lib : ctype.c.obj (.const:.string:_ctypes_)
                  000054d9    00000003     --HOLE-- [fill = 0]
                  000054dc    000000d8     gpio.obj (.const:g_ppui32GPIOIntMapSnowflake)
                  000055b4    00000004     --HOLE-- [fill = 0]
                  000055b8    000000c8     rtsv7M4_T_le_v4SPD16_eabi.lib : strtod.c.obj (.const:$O1$$)
                  00005680    000000c0     gpio.obj (.const:g_ppui32GPIOIntMapBlizzard)
                  00005740    00000090     gpio.obj (.const:g_pui32GPIOBaseAddrs)
                  000057d0    0000006c     sysctl.obj (.const:g_pui32Xtals)
                  0000583c    00000040     uart.obj (.const:g_ppui32UARTIntMap)
                  0000587c    00000040     uart.obj (.const:g_ppui32UARTIntMapSnowflake)
                  000058bc    00000030     sysctl.obj (.const:g_sXTALtoMEMTIM)
                  000058ec    00000014     driverlib.lib : interrupt.obj (.const:g_pui32Dii16Regs)
                  00005900    00000014                   : interrupt.obj (.const:g_pui32EnRegs)
                  00005914    00000004     --HOLE-- [fill = 0]
                  00005918    00000010     rtsv7M4_T_le_v4SPD16_eabi.lib : e_fmod.c.obj (.const:Zero)
                  00005928    00000008     sysctl.obj (.const:g_pui32VCOFrequencies)

.cinit     0    00005930    00000030     
                  00005930    0000000c     (__TI_handler_table)
                  0000593c    00000004     --HOLE-- [fill = 0]
                  00005940    00000008     (.cinit..vtable.load) [load image, compression = zero_init]
                  00005948    00000007     (.cinit..data.load) [load image, compression = lzss]
                  0000594f    00000001     --HOLE-- [fill = 0]
                  00005950    00000010     (__TI_cinit_table)

.init_array 
*          0    00000000    00000000     UNINITIALIZED

.vtable    0    20000000    0000026c     UNINITIALIZED
                  20000000    0000026c     driverlib.lib : interrupt.obj (.vtable)

.data      0    20000470    00000008     UNINITIALIZED
                  20000470    00000004     rtsv7M4_T_le_v4SPD16_eabi.lib : errno.c.obj (.data)
                  20000474    00000004                                   : strtok.c.obj (.data)

.stack     0    20000270    00000200     UNINITIALIZED
                  20000270    00000004     rtsv7M4_T_le_v4SPD16_eabi.lib : boot_cortex_m.c.obj (.stack)
                  20000274    000001fc     --HOLE--

__llvm_prf_cnts 
*          0    20000000    00000000     UNINITIALIZED

MODULE SUMMARY

       Module                         code    ro data   rw data
       ------                         ----    -------   -------
    .\
       sysctl.obj                     3974    596       0      
       gpio.obj                       3092    552       0      
       uart.obj                       1582    128       0      
       main.obj                       1488    0         0      
       tm4c123gh6pm_startup_ccs.obj   12      620       0      
    +--+------------------------------+-------+---------+---------+
       Total:                         10148   1896      0      
                                                               
    ../driverlib.lib
       interrupt.obj                  282     40        620    
       cpu.obj                        4       0         0      
    +--+------------------------------+-------+---------+---------+
       Total:                         286     40        620    
                                                               
    C:\ti\ccs1271\ccs\tools\compiler\ti-cgt-arm_20.2.7.LTS\lib\rtsv7M4_T_le_v4SPD16_eabi.lib
       _printfi.c.obj                 4851    0         0      
       strtod.c.obj                   1120    200       0      
       e_fmod.c.obj                   564     16        0      
       fd_add_t2.asm.obj              438     0         0      
       fd_div_t2.asm.obj              310     0         0      
       s_scalbn.c.obj                 272     0         0      
       fd_cmp_t2.asm.obj              268     0         0      
       ctype.c.obj                    0       257       0      
       fd_mul_t2.asm.obj              252     0         0      
       s_trunc.c.obj                  188     0         0      
       memcpy_t2.asm.obj              156     0         0      
       ull_div_t2.asm.obj             150     0         0      
       snprintf.c.obj                 148     0         0      
       memset_t2.asm.obj              122     0         0      
       copy_decompress_lzss.c.obj     104     0         0      
       s_frexp.c.obj                  100     0         0      
       sprintf.c.obj                  98      0         0      
       _ltoa.c.obj                    84      0         0      
       atoi.c.obj                     76      0         0      
       fd_toi_t2.asm.obj              72      0         0      
       autoinit.c.obj                 68      0         0      
       strtok.c.obj                   64      0         4      
       strncpy.c.obj                  54      0         0      
       boot_cortex_m.c.obj            52      0         0      
       i_tofd_t2.asm.obj              46      0         0      
       strncmp.c.obj                  44      0         0      
       strspn.c.obj                   42      0         0      
       strcspn.c.obj                  36      0         0      
       copy_zero_init.c.obj           28      0         0      
       memccpy.c.obj                  28      0         0      
       s_copysign.c.obj               26      0         0      
       strchr.c.obj                   22      0         0      
       strlen.c.obj                   20      0         0      
       atof.c.obj                     18      0         0      
       wcslen.c.obj                   18      0         0      
       copy_decompress_none.c.obj     14      0         0      
       errno.c.obj                    8       0         4      
       exit.c.obj                     4       0         0      
       pre_init.c.obj                 4       0         0      
       div0.asm.obj                   2       0         0      
    +--+------------------------------+-------+---------+---------+
       Total:                         9971    473       8      
                                                               
       Stack:                         0       0         512    
       Linker Generated:              0       43        0      
    +--+------------------------------+-------+---------+---------+
       Grand Total:                   20405   2452      1140   


LINKER GENERATED COPY TABLES

__TI_cinit_table @ 00005950 records: 2, size/record: 8, table size: 16
	.vtable: load addr=00005940, load size=00000008 bytes, run addr=20000000, run size=0000026c bytes, compression=zero_init
	.data: load addr=00005948, load size=00000007 bytes, run addr=20000470, run size=00000008 bytes, compression=lzss


LINKER GENERATED HANDLER TABLE

__TI_handler_table @ 00005930 records: 3, size/record: 4, table size: 12
	index: 0, handler: __TI_zero_init
	index: 1, handler: __TI_decompress_lzss
	index: 2, handler: __TI_decompress_none


GLOBAL SYMBOLS: SORTED ALPHABETICALLY BY Name 

address   name                            
-------   ----                            
000033c5  Accident_detection              
00005223  C$$EXIT                         
0000521b  CPUwfi                          
00003075  ConvertDoubleToString           
00001db1  GPIOADCTriggerDisable           
00001d93  GPIOADCTriggerEnable            
00001d75  GPIODMATriggerDisable           
00001d57  GPIODMATriggerEnable            
000012a7  GPIODirModeGet                  
0000124b  GPIODirModeSet                  
00001861  GPIOIntClear                    
00001825  GPIOIntDisable                  
00001801  GPIOIntEnable                   
00001875  GPIOIntRegister                 
000018ad  GPIOIntRegisterPin              
0000183f  GPIOIntStatus                   
00001397  GPIOIntTypeGet                  
000012f3  GPIOIntTypeSet                  
00001893  GPIOIntUnregister               
000018db  GPIOIntUnregisterPin            
0000168f  GPIOPadConfigGet                
00001421  GPIOPadConfigSet                
00001cf9  GPIOPinConfigure                
000018ff  GPIOPinRead                     
00001937  GPIOPinTypeADC                  
0000195b  GPIOPinTypeCAN                  
0000197f  GPIOPinTypeComparator           
000019a3  GPIOPinTypeComparatorOutput     
000019c7  GPIOPinTypeDIVSCLK              
000019eb  GPIOPinTypeEPI                  
00001a0f  GPIOPinTypeEthernetLED          
00001a33  GPIOPinTypeEthernetMII          
00001a57  GPIOPinTypeGPIOInput            
00001a7b  GPIOPinTypeGPIOOutput           
00001aa5  GPIOPinTypeGPIOOutputOD         
00001ac9  GPIOPinTypeHibernateRTCCLK      
00001aed  GPIOPinTypeI2C                  
00001b11  GPIOPinTypeI2CSCL               
00001b35  GPIOPinTypeLCD                  
00001b59  GPIOPinTypeOneWire              
00001b7d  GPIOPinTypePWM                  
00001ba1  GPIOPinTypeQEI                  
00001bc5  GPIOPinTypeSSI                  
00001be9  GPIOPinTypeTimer                
00001c0d  GPIOPinTypeTrace                
00001c31  GPIOPinTypeUART                 
00001c55  GPIOPinTypeUSBAnalog            
00001c79  GPIOPinTypeUSBDigital           
00001c9d  GPIOPinTypeWakeHigh             
00001cc3  GPIOPinTypeWakeLow              
00001ce9  GPIOPinWakeStatus               
00001917  GPIOPinWrite                    
00001dcf  GPIOUnlockPin                   
00003201  GPS_ReceiveData                 
00002fe7  GSM_SendSMS                     
00004b15  IntDisable                      
00004b7d  IntEnable                       
00004fc5  IntRegister                     
0000519d  IntUnregister                   
000051f7  ResetISR                        
000011a9  SysCtlAltClkConfig              
000008d1  SysCtlClockFreqSet              
00000d99  SysCtlClockGet                  
0000118d  SysCtlClockOutConfig            
00000bc9  SysCtlClockSet                  
000007d5  SysCtlDeepSleep                 
00000f5d  SysCtlDeepSleepClockConfigSet   
00000f3f  SysCtlDeepSleepClockSet         
000007b5  SysCtlDeepSleepPowerSet         
00005215  SysCtlDelay                     
00000363  SysCtlFlashSectorSizeGet        
00000337  SysCtlFlashSizeGet              
00001033  SysCtlGPIOAHBDisable            
00001017  SysCtlGPIOAHBEnable             
00000749  SysCtlIntClear                  
00000731  SysCtlIntDisable                
0000071d  SysCtlIntEnable                 
000006f5  SysCtlIntRegister               
00000759  SysCtlIntStatus                 
0000070d  SysCtlIntUnregister             
0000079b  SysCtlLDODeepSleepGet           
0000078b  SysCtlLDODeepSleepSet           
00000785  SysCtlLDOSleepGet               
00000775  SysCtlLDOSleepSet               
0000080b  SysCtlMOSCConfigSet             
00001171  SysCtlNMIClear                  
0000115d  SysCtlNMIStatus                 
00000821  SysCtlPIOSCCalibrate            
00001001  SysCtlPWMClockGet               
00000fe7  SysCtlPWMClockSet               
000006a1  SysCtlPeripheralClockGating     
00000659  SysCtlPeripheralDeepSleepDisable
00000609  SysCtlPeripheralDeepSleepEnable 
00000545  SysCtlPeripheralDisable         
00000509  SysCtlPeripheralEnable          
00000445  SysCtlPeripheralPowerOff        
00000409  SysCtlPeripheralPowerOn         
00000389  SysCtlPeripheralPresent         
000003c9  SysCtlPeripheralReady           
00000481  SysCtlPeripheralReset           
000005cd  SysCtlPeripheralSleepDisable    
00000589  SysCtlPeripheralSleepEnable     
000007c5  SysCtlReset                     
00000881  SysCtlResetBehaviorGet          
00000871  SysCtlResetBehaviorSet          
000007f7  SysCtlResetCauseClear           
000007f1  SysCtlResetCauseGet             
0000032d  SysCtlSRAMSizeGet               
000007cd  SysCtlSleep                     
000007a1  SysCtlSleepPowerSet             
0000105b  SysCtlUSBPLLDisable             
0000104f  SysCtlUSBPLLEnable              
000010a1  SysCtlVCOGet                    
00001089  SysCtlVoltageEventClear         
0000106d  SysCtlVoltageEventConfig        
0000107d  SysCtlVoltageEventStatus        
00002f1d  UART0Init                       
00002f57  UART1Init                       
00002f8f  UART5Init                       
00002e21  UART9BitAddrSend                
00002dfb  UART9BitAddrSet                 
00002de5  UART9BitDisable                 
00002dcf  UART9BitEnable                  
00002c73  UARTBreakCtl                    
00002c9d  UARTBusy                        
00002c1b  UARTCharGet                     
00002bff  UARTCharGetNonBlocking          
00002c55  UARTCharPut                     
00002c31  UARTCharPutNonBlocking          
00002bc3  UARTCharsAvail                  
00002dbf  UARTClockSourceGet              
00002dab  UARTClockSourceSet              
00002993  UARTConfigGetExpClk             
0000291d  UARTConfigSetExpClk             
00002d71  UARTDMADisable                  
00002d59  UARTDMAEnable                   
00002a03  UARTDisable                     
00002a87  UARTDisableSIR                  
000029df  UARTEnable                      
00002a59  UARTEnableSIR                   
00002a43  UARTFIFODisable                 
00002a2d  UARTFIFOEnable                  
000028f5  UARTFIFOLevelGet                
000028dd  UARTFIFOLevelSet                
00002b83  UARTFlowControlGet              
00002b67  UARTFlowControlSet              
00002d47  UARTIntClear                    
00002d11  UARTIntDisable                  
00002cf9  UARTIntEnable                   
00002cbb  UARTIntRegister                 
00002d29  UARTIntStatus                   
00002cd9  UARTIntUnregister               
00002e69  UARTLoopbackEnable              
00002b1d  UARTModemControlClear           
00002b41  UARTModemControlGet             
00002ae5  UARTModemControlSet             
00002b53  UARTModemStatusGet              
000028cb  UARTParityModeGet               
000028af  UARTParityModeSet               
00002fc5  UARTPrint                       
00002d9b  UARTRxErrorClear                
00002d89  UARTRxErrorGet                  
00002acf  UARTSmartCardDisable            
00002a9d  UARTSmartCardEnable             
00002be1  UARTSpaceAvail                  
00002bb1  UARTTxIntModeGet                
00002b95  UARTTxIntModeSet                
20000470  __STACK_END                     
00000200  __STACK_SIZE                    
20000470  __STACK_TOP                     
00005950  __TI_CINIT_Base                 
00005960  __TI_CINIT_Limit                
00005930  __TI_Handler_Table_Base         
0000593c  __TI_Handler_Table_Limit        
00004e8d  __TI_auto_init_nobinit_nopinit  
00004be5  __TI_decompress_lzss            
000051e9  __TI_decompress_none            
00004d07  __TI_ltoa                       
ffffffff  __TI_pprof_out_hndl             
00001e01  __TI_printfi                    
ffffffff  __TI_prof_data_size             
ffffffff  __TI_prof_data_start            
00000000  __TI_static_base__              
00005105  __TI_zero_init_nomemset         
00004921  __aeabi_cdcmpeq                 
00004921  __aeabi_cdcmple                 
000049a7  __aeabi_cdrcmple                
00004e45  __aeabi_d2iz                    
00003f2f  __aeabi_dadd                    
00004219  __aeabi_ddiv                    
00004585  __aeabi_dmul                    
00003f25  __aeabi_dsub                    
0000520d  __aeabi_errno_addr              
0000505d  __aeabi_i2d                     
00002e7f  __aeabi_idiv0                   
00002e7f  __aeabi_ldiv0                   
00004a2d  __aeabi_memclr                  
00004a2d  __aeabi_memclr4                 
00004a2d  __aeabi_memclr8                 
000047ef  __aeabi_memcpy                  
000047ef  __aeabi_memcpy4                 
000047ef  __aeabi_memcpy8                 
00004a2f  __aeabi_memset                  
00004a2f  __aeabi_memset4                 
00004a2f  __aeabi_memset8                 
0000488b  __aeabi_uldivmod                
ffffffff  __binit__                       
ffffffff  __c_args__                      
UNDEFED   __mpu_init                      
20000270  __stack                         
20000000  __start___llvm_prf_cnts         
20000000  __stop___llvm_prf_cnts          
00004ff9  _c_int00_noargs                 
000053d8  _ctypes_                        
UNDEFED   _system_post_cinit              
0000521f  _system_pre_init                
00005223  abort                           
000051c5  atof                            
00004dad  atoi                            
ffffffff  binit                           
0000513d  copysign                        
0000513d  copysignl                       
00003055  delay                           
20000470  errno                           
00003b21  fmod                            
00003b21  fmodl                           
00004c4d  frexp                           
00004c4d  frexpl                          
20000000  g_pfnRAMVectors                 
00000000  g_pfnVectors                    
00004475  ldexp                           
00004475  ldexpl                          
00002e81  main                            
00005121  memccpy                         
000047ef  memcpy                          
00004a35  memset                          
00004475  scalbn                          
00004475  scalbnl                         
00004df9  snprintf                        
00004ed1  sprintf                         
00005187  strchr                          
000050e1  strcspn                         
000051b1  strlen                          
0000508b  strncmp                         
00004f8f  strncpy                         
000050b7  strspn                          
00003451  strtod                          
00004f11  strtok                          
00003451  strtold                         
00004681  trunc                           
00004681  truncl                          
000051d7  wcslen                          


GLOBAL SYMBOLS: SORTED BY Symbol Address 

address   name                            
-------   ----                            
00000000  __TI_static_base__              
00000000  g_pfnVectors                    
00000200  __STACK_SIZE                    
0000032d  SysCtlSRAMSizeGet               
00000337  SysCtlFlashSizeGet              
00000363  SysCtlFlashSectorSizeGet        
00000389  SysCtlPeripheralPresent         
000003c9  SysCtlPeripheralReady           
00000409  SysCtlPeripheralPowerOn         
00000445  SysCtlPeripheralPowerOff        
00000481  SysCtlPeripheralReset           
00000509  SysCtlPeripheralEnable          
00000545  SysCtlPeripheralDisable         
00000589  SysCtlPeripheralSleepEnable     
000005cd  SysCtlPeripheralSleepDisable    
00000609  SysCtlPeripheralDeepSleepEnable 
00000659  SysCtlPeripheralDeepSleepDisable
000006a1  SysCtlPeripheralClockGating     
000006f5  SysCtlIntRegister               
0000070d  SysCtlIntUnregister             
0000071d  SysCtlIntEnable                 
00000731  SysCtlIntDisable                
00000749  SysCtlIntClear                  
00000759  SysCtlIntStatus                 
00000775  SysCtlLDOSleepSet               
00000785  SysCtlLDOSleepGet               
0000078b  SysCtlLDODeepSleepSet           
0000079b  SysCtlLDODeepSleepGet           
000007a1  SysCtlSleepPowerSet             
000007b5  SysCtlDeepSleepPowerSet         
000007c5  SysCtlReset                     
000007cd  SysCtlSleep                     
000007d5  SysCtlDeepSleep                 
000007f1  SysCtlResetCauseGet             
000007f7  SysCtlResetCauseClear           
0000080b  SysCtlMOSCConfigSet             
00000821  SysCtlPIOSCCalibrate            
00000871  SysCtlResetBehaviorSet          
00000881  SysCtlResetBehaviorGet          
000008d1  SysCtlClockFreqSet              
00000bc9  SysCtlClockSet                  
00000d99  SysCtlClockGet                  
00000f3f  SysCtlDeepSleepClockSet         
00000f5d  SysCtlDeepSleepClockConfigSet   
00000fe7  SysCtlPWMClockSet               
00001001  SysCtlPWMClockGet               
00001017  SysCtlGPIOAHBEnable             
00001033  SysCtlGPIOAHBDisable            
0000104f  SysCtlUSBPLLEnable              
0000105b  SysCtlUSBPLLDisable             
0000106d  SysCtlVoltageEventConfig        
0000107d  SysCtlVoltageEventStatus        
00001089  SysCtlVoltageEventClear         
000010a1  SysCtlVCOGet                    
0000115d  SysCtlNMIStatus                 
00001171  SysCtlNMIClear                  
0000118d  SysCtlClockOutConfig            
000011a9  SysCtlAltClkConfig              
0000124b  GPIODirModeSet                  
000012a7  GPIODirModeGet                  
000012f3  GPIOIntTypeSet                  
00001397  GPIOIntTypeGet                  
00001421  GPIOPadConfigSet                
0000168f  GPIOPadConfigGet                
00001801  GPIOIntEnable                   
00001825  GPIOIntDisable                  
0000183f  GPIOIntStatus                   
00001861  GPIOIntClear                    
00001875  GPIOIntRegister                 
00001893  GPIOIntUnregister               
000018ad  GPIOIntRegisterPin              
000018db  GPIOIntUnregisterPin            
000018ff  GPIOPinRead                     
00001917  GPIOPinWrite                    
00001937  GPIOPinTypeADC                  
0000195b  GPIOPinTypeCAN                  
0000197f  GPIOPinTypeComparator           
000019a3  GPIOPinTypeComparatorOutput     
000019c7  GPIOPinTypeDIVSCLK              
000019eb  GPIOPinTypeEPI                  
00001a0f  GPIOPinTypeEthernetLED          
00001a33  GPIOPinTypeEthernetMII          
00001a57  GPIOPinTypeGPIOInput            
00001a7b  GPIOPinTypeGPIOOutput           
00001aa5  GPIOPinTypeGPIOOutputOD         
00001ac9  GPIOPinTypeHibernateRTCCLK      
00001aed  GPIOPinTypeI2C                  
00001b11  GPIOPinTypeI2CSCL               
00001b35  GPIOPinTypeLCD                  
00001b59  GPIOPinTypeOneWire              
00001b7d  GPIOPinTypePWM                  
00001ba1  GPIOPinTypeQEI                  
00001bc5  GPIOPinTypeSSI                  
00001be9  GPIOPinTypeTimer                
00001c0d  GPIOPinTypeTrace                
00001c31  GPIOPinTypeUART                 
00001c55  GPIOPinTypeUSBAnalog            
00001c79  GPIOPinTypeUSBDigital           
00001c9d  GPIOPinTypeWakeHigh             
00001cc3  GPIOPinTypeWakeLow              
00001ce9  GPIOPinWakeStatus               
00001cf9  GPIOPinConfigure                
00001d57  GPIODMATriggerEnable            
00001d75  GPIODMATriggerDisable           
00001d93  GPIOADCTriggerEnable            
00001db1  GPIOADCTriggerDisable           
00001dcf  GPIOUnlockPin                   
00001e01  __TI_printfi                    
000028af  UARTParityModeSet               
000028cb  UARTParityModeGet               
000028dd  UARTFIFOLevelSet                
000028f5  UARTFIFOLevelGet                
0000291d  UARTConfigSetExpClk             
00002993  UARTConfigGetExpClk             
000029df  UARTEnable                      
00002a03  UARTDisable                     
00002a2d  UARTFIFOEnable                  
00002a43  UARTFIFODisable                 
00002a59  UARTEnableSIR                   
00002a87  UARTDisableSIR                  
00002a9d  UARTSmartCardEnable             
00002acf  UARTSmartCardDisable            
00002ae5  UARTModemControlSet             
00002b1d  UARTModemControlClear           
00002b41  UARTModemControlGet             
00002b53  UARTModemStatusGet              
00002b67  UARTFlowControlSet              
00002b83  UARTFlowControlGet              
00002b95  UARTTxIntModeSet                
00002bb1  UARTTxIntModeGet                
00002bc3  UARTCharsAvail                  
00002be1  UARTSpaceAvail                  
00002bff  UARTCharGetNonBlocking          
00002c1b  UARTCharGet                     
00002c31  UARTCharPutNonBlocking          
00002c55  UARTCharPut                     
00002c73  UARTBreakCtl                    
00002c9d  UARTBusy                        
00002cbb  UARTIntRegister                 
00002cd9  UARTIntUnregister               
00002cf9  UARTIntEnable                   
00002d11  UARTIntDisable                  
00002d29  UARTIntStatus                   
00002d47  UARTIntClear                    
00002d59  UARTDMAEnable                   
00002d71  UARTDMADisable                  
00002d89  UARTRxErrorGet                  
00002d9b  UARTRxErrorClear                
00002dab  UARTClockSourceSet              
00002dbf  UARTClockSourceGet              
00002dcf  UART9BitEnable                  
00002de5  UART9BitDisable                 
00002dfb  UART9BitAddrSet                 
00002e21  UART9BitAddrSend                
00002e69  UARTLoopbackEnable              
00002e7f  __aeabi_idiv0                   
00002e7f  __aeabi_ldiv0                   
00002e81  main                            
00002f1d  UART0Init                       
00002f57  UART1Init                       
00002f8f  UART5Init                       
00002fc5  UARTPrint                       
00002fe7  GSM_SendSMS                     
00003055  delay                           
00003075  ConvertDoubleToString           
00003201  GPS_ReceiveData                 
000033c5  Accident_detection              
00003451  strtod                          
00003451  strtold                         
00003b21  fmod                            
00003b21  fmodl                           
00003f25  __aeabi_dsub                    
00003f2f  __aeabi_dadd                    
00004219  __aeabi_ddiv                    
00004475  ldexp                           
00004475  ldexpl                          
00004475  scalbn                          
00004475  scalbnl                         
00004585  __aeabi_dmul                    
00004681  trunc                           
00004681  truncl                          
000047ef  __aeabi_memcpy                  
000047ef  __aeabi_memcpy4                 
000047ef  __aeabi_memcpy8                 
000047ef  memcpy                          
0000488b  __aeabi_uldivmod                
00004921  __aeabi_cdcmpeq                 
00004921  __aeabi_cdcmple                 
000049a7  __aeabi_cdrcmple                
00004a2d  __aeabi_memclr                  
00004a2d  __aeabi_memclr4                 
00004a2d  __aeabi_memclr8                 
00004a2f  __aeabi_memset                  
00004a2f  __aeabi_memset4                 
00004a2f  __aeabi_memset8                 
00004a35  memset                          
00004b15  IntDisable                      
00004b7d  IntEnable                       
00004be5  __TI_decompress_lzss            
00004c4d  frexp                           
00004c4d  frexpl                          
00004d07  __TI_ltoa                       
00004dad  atoi                            
00004df9  snprintf                        
00004e45  __aeabi_d2iz                    
00004e8d  __TI_auto_init_nobinit_nopinit  
00004ed1  sprintf                         
00004f11  strtok                          
00004f8f  strncpy                         
00004fc5  IntRegister                     
00004ff9  _c_int00_noargs                 
0000505d  __aeabi_i2d                     
0000508b  strncmp                         
000050b7  strspn                          
000050e1  strcspn                         
00005105  __TI_zero_init_nomemset         
00005121  memccpy                         
0000513d  copysign                        
0000513d  copysignl                       
00005187  strchr                          
0000519d  IntUnregister                   
000051b1  strlen                          
000051c5  atof                            
000051d7  wcslen                          
000051e9  __TI_decompress_none            
000051f7  ResetISR                        
0000520d  __aeabi_errno_addr              
00005215  SysCtlDelay                     
0000521b  CPUwfi                          
0000521f  _system_pre_init                
00005223  C$$EXIT                         
00005223  abort                           
000053d8  _ctypes_                        
00005930  __TI_Handler_Table_Base         
0000593c  __TI_Handler_Table_Limit        
00005950  __TI_CINIT_Base                 
00005960  __TI_CINIT_Limit                
20000000  __start___llvm_prf_cnts         
20000000  __stop___llvm_prf_cnts          
20000000  g_pfnRAMVectors                 
20000270  __stack                         
20000470  __STACK_END                     
20000470  __STACK_TOP                     
20000470  errno                           
ffffffff  __TI_pprof_out_hndl             
ffffffff  __TI_prof_data_size             
ffffffff  __TI_prof_data_start            
ffffffff  __binit__                       
ffffffff  __c_args__                      
ffffffff  binit                           
UNDEFED   __mpu_init                      
UNDEFED   _system_post_cinit              

[252 symbols]
